
Allocating common symbols
Common symbol       size              file

mt_int_level        0x4               obj/irq.o
mt_last_task        0x4               obj/kernel.o
mt_fpu_task         0x4               obj/kernel.o
mt_curr_task        0x4               obj/kernel.o
mt_ticks            0x8               obj/kernel.o

Discarded input sections

 .note.GNU-stack
                0x0000000000000000        0x0 obj/kernel.o
 .note.GNU-stack
                0x0000000000000000        0x0 obj/gdt_idt.o
 .note.GNU-stack
                0x0000000000000000        0x0 obj/irq.o
 .note.GNU-stack
                0x0000000000000000        0x0 obj/string.o
 .note.GNU-stack
                0x0000000000000000        0x0 obj/sprintf.o
 .note.GNU-stack
                0x0000000000000000        0x0 obj/malloc.o
 .note.GNU-stack
                0x0000000000000000        0x0 obj/cons.o
 .note.GNU-stack
                0x0000000000000000        0x0 obj/timer.o
 .note.GNU-stack
                0x0000000000000000        0x0 obj/queue.o
 .note.GNU-stack
                0x0000000000000000        0x0 obj/math.o
 .note.GNU-stack
                0x0000000000000000        0x0 obj/sem.o
 .note.GNU-stack
                0x0000000000000000        0x0 obj/mutex.o
 .note.GNU-stack
                0x0000000000000000        0x0 obj/monitor.o
 .note.GNU-stack
                0x0000000000000000        0x0 obj/pipe.o
 .note.GNU-stack
                0x0000000000000000        0x0 obj/msgqueue.o
 .note.GNU-stack
                0x0000000000000000        0x0 obj/rand.o
 .note.GNU-stack
                0x0000000000000000        0x0 obj/filo.o
 .note.GNU-stack
                0x0000000000000000        0x0 obj/sfilo.o
 .note.GNU-stack
                0x0000000000000000        0x0 obj/xfilo.o
 .note.GNU-stack
                0x0000000000000000        0x0 obj/keyboard.o
 .note.GNU-stack
                0x0000000000000000        0x0 obj/printk.o
 .note.GNU-stack
                0x0000000000000000        0x0 obj/getline.o
 .note.GNU-stack
                0x0000000000000000        0x0 obj/shell.o
 .note.GNU-stack
                0x0000000000000000        0x0 obj/split.o
 .note.GNU-stack
                0x0000000000000000        0x0 obj/setkb.o
 .note.GNU-stack
                0x0000000000000000        0x0 obj/camino.o
 .note.GNU-stack
                0x0000000000000000        0x0 obj/camino_ns.o
 .note.GNU-stack
                0x0000000000000000        0x0 obj/atoi.o
 .note.GNU-stack
                0x0000000000000000        0x0 obj/prodcons.o
 .note.GNU-stack
                0x0000000000000000        0x0 obj/afilo.o
 .note.GNU-stack
                0x0000000000000000        0x0 obj/divz.o
 .note.GNU-stack
                0x0000000000000000        0x0 obj/multiterminal.o

Memory Configuration

Name             Origin             Length             Attributes
*default*        0x0000000000000000 0xffffffffffffffff

Linker script and memory map

Address of section .text-segment set to 0x100000
LOAD obj/kstart.o
LOAD obj/libasm.o
LOAD obj/interrupts.o
LOAD obj/kernel.o
LOAD obj/gdt_idt.o
LOAD obj/irq.o
LOAD obj/string.o
LOAD obj/sprintf.o
LOAD obj/malloc.o
LOAD obj/cons.o
LOAD obj/io.o
LOAD obj/timer.o
LOAD obj/queue.o
LOAD obj/math.o
LOAD obj/sem.o
LOAD obj/mutex.o
LOAD obj/monitor.o
LOAD obj/pipe.o
LOAD obj/msgqueue.o
LOAD obj/rand.o
LOAD obj/filo.o
LOAD obj/sfilo.o
LOAD obj/xfilo.o
LOAD obj/keyboard.o
LOAD obj/printk.o
LOAD obj/getline.o
LOAD obj/shell.o
LOAD obj/split.o
LOAD obj/setkb.o
LOAD obj/camino.o
LOAD obj/camino_ns.o
LOAD obj/atoi.o
LOAD obj/prodcons.o
LOAD obj/afilo.o
LOAD obj/divz.o
LOAD obj/multiterminal.o
                0x0000000000100000                PROVIDE (__executable_start, 0x100000)
                0x00000000001000d4                . = (0x100000 + SIZEOF_HEADERS)

.interp
 *(.interp)

.note.gnu.build-id
                0x00000000001000d4       0x24
 *(.note.gnu.build-id)
 .note.gnu.build-id
                0x00000000001000d4       0x24 obj/kstart.o

.hash
 *(.hash)

.gnu.hash
 *(.gnu.hash)

.dynsym
 *(.dynsym)

.dynstr
 *(.dynstr)

.gnu.version
 *(.gnu.version)

.gnu.version_d
 *(.gnu.version_d)

.gnu.version_r
 *(.gnu.version_r)

.rel.dyn        0x00000000001000f8        0x0
 *(.rel.init)
 *(.rel.text .rel.text.* .rel.gnu.linkonce.t.*)
 .rel.text      0x0000000000000000        0x0 obj/kstart.o
 *(.rel.fini)
 *(.rel.rodata .rel.rodata.* .rel.gnu.linkonce.r.*)
 *(.rel.data.rel.ro* .rel.gnu.linkonce.d.rel.ro.*)
 *(.rel.data .rel.data.* .rel.gnu.linkonce.d.*)
 .rel.data      0x0000000000000000        0x0 obj/kstart.o
 *(.rel.tdata .rel.tdata.* .rel.gnu.linkonce.td.*)
 *(.rel.tbss .rel.tbss.* .rel.gnu.linkonce.tb.*)
 *(.rel.ctors)
 *(.rel.dtors)
 *(.rel.got)
 *(.rel.bss .rel.bss.* .rel.gnu.linkonce.b.*)
 *(.rel.ifunc)

.rel.plt        0x00000000001000f8        0x0
 *(.rel.plt)
                0x00000000001000f8                PROVIDE (__rel_iplt_start, .)
 *(.rel.iplt)
 .rel.iplt      0x0000000000000000        0x0 obj/kstart.o
                0x00000000001000f8                PROVIDE (__rel_iplt_end, .)

.init
 *(.init)

.plt            0x0000000000100100        0x0
 *(.plt)
 *(.iplt)
 .iplt          0x0000000000000000        0x0 obj/kstart.o

.text           0x0000000000100100     0x9ab3
 *(.text.unlikely .text.*_unlikely)
 *(.text.exit .text.exit.*)
 *(.text.startup .text.startup.*)
 *(.text.hot .text.hot.*)
 *(.text .stub .text.* .gnu.linkonce.t.*)
 .text          0x0000000000100100       0x1a obj/kstart.o
                0x000000000010010c                _start
 *fill*         0x000000000010011a        0x6 90909090
 .text          0x0000000000100120       0x80 obj/libasm.o
                0x0000000000100120                mt_load_gdt
                0x0000000000100152                mt_load_idt
                0x000000000010015a                mt_context_switch
                0x000000000010017b                mt_sti
                0x000000000010017d                mt_cli
                0x000000000010017f                mt_finit
                0x0000000000100183                mt_fsave
                0x000000000010018b                mt_frstor
                0x0000000000100193                mt_stts
                0x000000000010019d                mt_clts
 .text          0x00000000001001a0      0x380 obj/interrupts.o
                0x00000000001001a0                mt_int_stubs
 .text          0x0000000000100520      0xeed obj/kernel.o
                0x0000000000100520                Malloc
                0x0000000000100574                StrDup
                0x00000000001005d8                Free
                0x00000000001006a9                CreateTask
                0x00000000001007aa                DeleteTask
                0x0000000000100875                CurrentTask
                0x000000000010087f                CurrentTty
                0x000000000010088c                Panic
                0x00000000001008c7                Pause
                0x00000000001008dc                Yield
                0x00000000001008f1                Delay
                0x000000000010095d                Exit
                0x0000000000100972                Suspend
                0x00000000001009a6                Ready
                0x00000000001009d0                GetPriority
                0x00000000001009db                SetPriority
                0x0000000000100a3c                SetTty
                0x0000000000100a5a                SetData
                0x0000000000100a75                SetSwitcher
                0x0000000000100a8f                CreateQueue
                0x0000000000100ab9                DeleteQueue
                0x0000000000100aec                WaitQueue
                0x0000000000100b07                WaitQueueTimed
                0x0000000000100b85                SignalQueue
                0x0000000000100bcd                FlushQueue
                0x0000000000100c1b                Send
                0x0000000000100c44                SendCond
                0x0000000000100c6d                SendTimed
                0x0000000000100db7                Receive
                0x0000000000100de0                ReceiveCond
                0x0000000000100e09                ReceiveTimed
                0x0000000000100fd1                mt_select_task
                0x0000000000101187                Atomic
                0x000000000010119a                Unatomic
                0x00000000001011d2                DisableInts
                0x00000000001011f6                RestoreInts
                0x0000000000101229                mt_main
 *fill*         0x000000000010140d        0x3 90909090
 .text          0x0000000000101410      0x10b obj/gdt_idt.o
                0x0000000000101509                mt_setup_gdt_idt
 *fill*         0x000000000010151b        0x1 90909090
 .text          0x000000000010151c      0x38a obj/irq.o
                0x00000000001016be                mt_int_handler
                0x000000000010170f                mt_setup_interrupts
                0x000000000010175e                mt_set_int_handler
                0x000000000010177d                mt_set_exception_handler
                0x000000000010179c                mt_disable_irq
                0x000000000010181f                mt_enable_irq
 *fill*         0x00000000001018a6        0x2 90909090
 .text          0x00000000001018a8      0x3d5 obj/string.o
                0x00000000001018a8                strcpy
                0x00000000001018df                strncpy
                0x0000000000101923                strcat
                0x0000000000101972                strncat
                0x00000000001019ca                strcmp
                0x0000000000101a07                strncmp
                0x0000000000101a53                strchr
                0x0000000000101a90                strrchr
                0x0000000000101acf                strlen
                0x0000000000101b03                strnlen
                0x0000000000101b3d                memcpy
                0x0000000000101b8c                memmove
                0x0000000000101c0a                memchr
                0x0000000000101c4c                memset
 *fill*         0x0000000000101c7d        0x3 90909090
 .text          0x0000000000101c80     0x153a obj/sprintf.o
                0x0000000000101f73                ecvtbuf
                0x0000000000101fb6                fcvtbuf
                0x0000000000102c72                vsprintf
                0x000000000010318b                sprintf
 *fill*         0x00000000001031ba        0x2 90909090
 .text          0x00000000001031bc      0x1fa obj/malloc.o
                0x00000000001031bc                free
                0x00000000001032d6                malloc
 *fill*         0x00000000001033b6        0x2 90909090
 .text          0x00000000001033b8      0x46a obj/cons.o
                0x000000000010344d                mt_cons_changeTty
                0x0000000000103465                mt_cons_clear
                0x0000000000103472                mt_cons_clreol
                0x00000000001034d6                mt_cons_clreom
                0x000000000010352f                mt_cons_nrows
                0x0000000000103539                mt_cons_ncols
                0x0000000000103543                mt_cons_nscrolls
                0x0000000000103550                mt_cons_getxy
                0x0000000000103578                mt_cons_gotoxy
                0x00000000001035a7                mt_cons_setattr
                0x00000000001035cf                mt_cons_getattr
                0x00000000001035ff                mt_cons_cursor
                0x000000000010369a                mt_cons_putc
                0x0000000000103714                mt_cons_puts
                0x000000000010373d                mt_cons_cr
                0x0000000000103756                mt_cons_nl
                0x0000000000103784                mt_cons_tab
                0x00000000001037c3                mt_cons_bs
                0x0000000000103804                mt_cons_raw
 *fill*         0x0000000000103822        0xe 90909090
 .text          0x0000000000103830       0x18 obj/io.o
                0x0000000000103830                inb
                0x000000000010383b                outb
 .text          0x0000000000103848       0x69 obj/timer.o
                0x0000000000103848                mt_setup_timer
 *fill*         0x00000000001038b1        0x3 90909090
 .text          0x00000000001038b4      0x3f9 obj/queue.o
                0x00000000001038b4                mt_enqueue
                0x000000000010399a                mt_dequeue
                0x0000000000103a22                mt_peeklast
                0x0000000000103a2d                mt_getlast
                0x0000000000103a9d                mt_enqueue_time
                0x0000000000103b9b                mt_dequeue_time
                0x0000000000103c37                mt_peekfirst_time
                0x0000000000103c41                mt_getfirst_time
 *fill*         0x0000000000103cad        0x3 90909090
 .text          0x0000000000103cb0       0x95 obj/math.o
                0x0000000000103d29                mt_setup_math
 *fill*         0x0000000000103d45        0x3 90909090
 .text          0x0000000000103d48      0x147 obj/sem.o
                0x0000000000103d48                CreateSem
                0x0000000000103d7b                DeleteSem
                0x0000000000103d9c                WaitSem
                0x0000000000103db7                WaitSemCond
                0x0000000000103dd2                WaitSemTimed
                0x0000000000103e24                SignalSem
                0x0000000000103e55                ValueSem
                0x0000000000103e5f                FlushSem
 *fill*         0x0000000000103e8f        0x1 90909090
 .text          0x0000000000103e90      0x140 obj/mutex.o
                0x0000000000103e90                CreateMutex
                0x0000000000103ec3                DeleteMutex
                0x0000000000103ee4                EnterMutex
                0x0000000000103eff                EnterMutexCond
                0x0000000000103f1a                EnterMutexTimed
                0x0000000000103f7f                LeaveMutex
 .text          0x0000000000103fd0      0x25a obj/monitor.o
                0x0000000000103fd0                CreateMonitor
                0x0000000000104003                DeleteMonitor
                0x0000000000104024                EnterMonitor
                0x000000000010403f                EnterMonitorCond
                0x000000000010405a                EnterMonitorTimed
                0x00000000001040ac                LeaveMonitor
                0x00000000001040e5                CreateCondition
                0x0000000000104118                DeleteCondition
                0x0000000000104139                WaitCondition
                0x0000000000104154                WaitConditionTimed
                0x00000000001041be                SignalCondition
                0x00000000001041f0                BroadcastCondition
 *fill*         0x000000000010422a        0x2 90909090
 .text          0x000000000010422c      0x3ee obj/pipe.o
                0x000000000010422c                CreatePipe
                0x0000000000104313                DeletePipe
                0x000000000010435d                GetPipe
                0x0000000000104386                GetPipeCond
                0x00000000001043af                GetPipeTimed
                0x00000000001044b2                PutPipe
                0x00000000001044db                PutPipeCond
                0x0000000000104504                PutPipeTimed
                0x000000000010460f                AvailPipe
 *fill*         0x000000000010461a        0x2 90909090
 .text          0x000000000010461c      0x415 obj/msgqueue.o
                0x0000000000104730                CreateMsgQueue
                0x000000000010485a                DeleteMsgQueue
                0x00000000001048c5                GetMsgQueue
                0x00000000001048e7                GetMsgQueueCond
                0x0000000000104909                GetMsgQueueTimed
                0x000000000010496e                PutMsgQueue
                0x0000000000104990                PutMsgQueueCond
                0x00000000001049b2                PutMsgQueueTimed
                0x0000000000104a1b                AvailMsgQueue
 *fill*         0x0000000000104a31        0x3 90909090
 .text          0x0000000000104a34       0xb0 obj/rand.o
                0x0000000000104ac3                rand
                0x0000000000104ad7                srand
 .text          0x0000000000104ae4      0x5bf obj/filo.o
                0x0000000000104ee5                phil_main
 *fill*         0x00000000001050a3        0x1 90909090
 .text          0x00000000001050a4      0x547 obj/sfilo.o
                0x0000000000105437                simple_phil_main
 *fill*         0x00000000001055eb        0x1 90909090
 .text          0x00000000001055ec      0x61b obj/xfilo.o
                0x0000000000105a3b                extra_phil_main
 *fill*         0x0000000000105c07        0x1 90909090
 .text          0x0000000000105c08      0x5b7 obj/keyboard.o
                0x000000000010606a                mt_kbd_getch_timed
                0x000000000010608d                mt_kbd_getch
                0x00000000001060a9                mt_kbd_init
                0x000000000010614a                mt_kbd_getlayout
                0x0000000000106154                mt_kbd_setlayout
                0x00000000001061b5                mt_kbd_layouts
 *fill*         0x00000000001061bf        0x1 90909090
 .text          0x00000000001061c0       0xff obj/printk.o
                0x00000000001061c0                vprintk
                0x0000000000106235                printk
                0x000000000010625d                cprintk
 *fill*         0x00000000001062bf        0x1 90909090
 .text          0x00000000001062c0      0x131 obj/getline.o
                0x00000000001062c0                mt_getline
 *fill*         0x00000000001063f1        0x3 90909090
 .text          0x00000000001063f4      0x2ac obj/shell.o
                0x00000000001063f4                shell_main
                0x000000000010669b                mt_shell_autoComplete
 .text          0x00000000001066a0      0x333 obj/split.o
                0x00000000001066f5                setfs
                0x000000000010671d                split
                0x00000000001068bf                separate
 *fill*         0x00000000001069d3        0x1 90909090
 .text          0x00000000001069d4       0xee obj/setkb.o
                0x00000000001069d4                setkb_main
 *fill*         0x0000000000106ac2        0x2 90909090
 .text          0x0000000000106ac4      0x92a obj/camino.o
                0x000000000010724e                camino_main
 *fill*         0x00000000001073ee        0x2 90909090
 .text          0x00000000001073f0      0xae0 obj/camino_ns.o
                0x0000000000107d54                camino_ns_main
 .text          0x0000000000107ed0       0xa6 obj/atoi.o
                0x0000000000107ed0                atoi
 *fill*         0x0000000000107f76        0x2 90909090
 .text          0x0000000000107f78      0x4d7 obj/prodcons.o
                0x0000000000108207                prodcons_main
 *fill*         0x000000000010844f        0x1 90909090
 .text          0x0000000000108450      0x5ab obj/afilo.o
                0x0000000000108872                atomic_phil_main
 *fill*         0x00000000001089fb        0x1 90909090
 .text          0x00000000001089fc       0xf5 obj/divz.o
                0x0000000000108a3a                divz_main
 *fill*         0x0000000000108af1        0x3 90909090
 .text          0x0000000000108af4     0x10bf obj/multiterminal.o
                0x0000000000108af4                mt_mtty_init
                0x0000000000108cc5                mt_mtty_splitScreen
                0x0000000000108e9c                changeTty
                0x0000000000108eef                getVidmem
                0x0000000000108f0a                getOffset
                0x0000000000108f25                setCur_x
                0x0000000000108f44                getRealCur_x
                0x0000000000108f8e                getCur_x
                0x0000000000108fa9                decCur_x
                0x0000000000108fd6                setCur_y
                0x0000000000108ff5                getRealCur_y
                0x0000000000109033                getCur_y
                0x000000000010904e                incCur_y
                0x000000000010907b                incCur_x
                0x00000000001090a8                decCur_y
                0x00000000001090d5                getCursor_On
                0x00000000001090f0                setCursor_On
                0x000000000010910f                setCur_attr
                0x000000000010912e                getCur_attr
                0x0000000000109149                getScrolls
                0x0000000000109164                incScrolls
                0x0000000000109191                getRaw
                0x00000000001091ac                setRaw
                0x00000000001091cb                putty
                0x0000000000109304                mt_mtty_scroll
                0x00000000001093e9                mt_mtty_scrollUp
                0x0000000000109466                mt_mtty_scrollDown
                0x00000000001094e4                mt_mtty_clear
                0x00000000001095ab                setcursor
                0x00000000001096bc                correctOffset
                0x00000000001097a3                putIntottyKbd
                0x00000000001097cd                getFromttyKbd
                0x00000000001097f7                getFromttyKbdTimed
                0x0000000000109828                getLast
                0x0000000000109843                getCurrent
                0x000000000010985e                mt_mtty_insertCommand
                0x0000000000109a1a                mt_mtty_getNextCommand
                0x0000000000109aad                mt_mtty_getPrevCommand
                0x0000000000109b45                mt_mtty_getCommand
                0x0000000000109b8d                mt_mtty_cleanLine
 *(.gnu.warning)

.fini
 *(.fini)
                0x0000000000109bb3                PROVIDE (__etext, .)
                0x0000000000109bb3                PROVIDE (_etext, .)
                0x0000000000109bb3                PROVIDE (etext, .)

.rodata         0x0000000000109bb8      0xa1e
 *(.rodata .rodata.* .gnu.linkonce.r.*)
 .rodata        0x0000000000109bb8       0xf0 obj/kernel.o
 .rodata        0x0000000000109ca8       0x55 obj/irq.o
 *fill*         0x0000000000109cfd        0x3 00
 .rodata        0x0000000000109d00      0x188 obj/sprintf.o
 .rodata        0x0000000000109e88       0x29 obj/mutex.o
 *fill*         0x0000000000109eb1        0x3 00
 .rodata        0x0000000000109eb4       0xff obj/monitor.o
 .rodata        0x0000000000109fb3        0xe obj/pipe.o
 *fill*         0x0000000000109fc1        0x3 00
 .rodata        0x0000000000109fc4       0x2f obj/msgqueue.o
 *fill*         0x0000000000109ff3        0x1 00
 .rodata        0x0000000000109ff4       0x4e obj/filo.o
 *fill*         0x000000000010a042        0x2 00
 .rodata        0x000000000010a044       0x4e obj/sfilo.o
 *fill*         0x000000000010a092        0x2 00
 .rodata        0x000000000010a094       0x4e obj/xfilo.o
 .rodata        0x000000000010a0e2       0x24 obj/keyboard.o
 *fill*         0x000000000010a106        0x2 00
 .rodata        0x000000000010a108       0x58 obj/getline.o
 .rodata        0x000000000010a160       0xc9 obj/shell.o
 .rodata        0x000000000010a229        0x1 obj/split.o
 *fill*         0x000000000010a22a        0x2 00
 .rodata        0x000000000010a22c       0x62 obj/setkb.o
 *fill*         0x000000000010a28e        0x2 00
 .rodata        0x000000000010a290       0x88 obj/camino.o
 .rodata        0x000000000010a318       0xa0 obj/camino_ns.o
 .rodata        0x000000000010a3b8      0x116 obj/prodcons.o
 *fill*         0x000000000010a4ce        0x2 00
 .rodata        0x000000000010a4d0       0x4e obj/afilo.o
 *fill*         0x000000000010a51e        0x2 00
 .rodata        0x000000000010a520       0x6b obj/divz.o
 .rodata        0x000000000010a58b       0x4b obj/multiterminal.o

.rodata1
 *(.rodata1)

.eh_frame_hdr   0x000000000010a5d8      0xa44
 *(.eh_frame_hdr)
 .eh_frame_hdr  0x000000000010a5d8      0xa44 obj/kernel.o

.eh_frame       0x000000000010b01c     0x29d0
 *(.eh_frame)
 .eh_frame      0x000000000010b01c      0x5cc obj/kernel.o
 .eh_frame      0x000000000010b5e8       0x60 obj/gdt_idt.o
                                         0x78 (size before relaxing)
 .eh_frame      0x000000000010b648      0x148 obj/irq.o
                                        0x160 (size before relaxing)
 .eh_frame      0x000000000010b790      0x264 obj/string.o
                                        0x27c (size before relaxing)
 .eh_frame      0x000000000010b9f4      0x1d8 obj/sprintf.o
                                        0x1f0 (size before relaxing)
 .eh_frame      0x000000000010bbcc       0x60 obj/malloc.o
                                         0x78 (size before relaxing)
 .eh_frame      0x000000000010bc2c      0x2a0 obj/cons.o
                                        0x2b8 (size before relaxing)
 .eh_frame      0x000000000010becc       0x20 obj/timer.o
                                         0x38 (size before relaxing)
 .eh_frame      0x000000000010beec      0x100 obj/queue.o
                                        0x118 (size before relaxing)
 .eh_frame      0x000000000010bfec       0x44 obj/math.o
                                         0x5c (size before relaxing)
 .eh_frame      0x000000000010c030      0x100 obj/sem.o
                                        0x118 (size before relaxing)
 .eh_frame      0x000000000010c130       0xc0 obj/mutex.o
                                         0xd8 (size before relaxing)
 .eh_frame      0x000000000010c1f0      0x180 obj/monitor.o
                                        0x198 (size before relaxing)
 .eh_frame      0x000000000010c370      0x120 obj/pipe.o
                                        0x138 (size before relaxing)
 .eh_frame      0x000000000010c490      0x160 obj/msgqueue.o
                                        0x178 (size before relaxing)
 .eh_frame      0x000000000010c5f0       0x60 obj/rand.o
                                         0x78 (size before relaxing)
 .eh_frame      0x000000000010c650      0x184 obj/filo.o
                                        0x19c (size before relaxing)
 .eh_frame      0x000000000010c7d4      0x164 obj/sfilo.o
                                        0x17c (size before relaxing)
 .eh_frame      0x000000000010c938      0x184 obj/xfilo.o
                                        0x19c (size before relaxing)
 .eh_frame      0x000000000010cabc      0x15c obj/keyboard.o
                                        0x174 (size before relaxing)
 .eh_frame      0x000000000010cc18       0x60 obj/printk.o
                                         0x78 (size before relaxing)
 .eh_frame      0x000000000010cc78       0x20 obj/getline.o
                                         0x38 (size before relaxing)
 .eh_frame      0x000000000010cc98       0x44 obj/shell.o
                                         0x5c (size before relaxing)
 .eh_frame      0x000000000010ccdc       0xc0 obj/split.o
                                         0xd8 (size before relaxing)
 .eh_frame      0x000000000010cd9c       0x20 obj/setkb.o
                                         0x38 (size before relaxing)
 .eh_frame      0x000000000010cdbc      0x1fc obj/camino.o
                                        0x214 (size before relaxing)
 .eh_frame      0x000000000010cfb8      0x1bc obj/camino_ns.o
                                        0x1d4 (size before relaxing)
 .eh_frame      0x000000000010d174       0x24 obj/atoi.o
                                         0x3c (size before relaxing)
 .eh_frame      0x000000000010d198      0x114 obj/prodcons.o
                                        0x12c (size before relaxing)
 .eh_frame      0x000000000010d2ac      0x184 obj/afilo.o
                                        0x19c (size before relaxing)
 .eh_frame      0x000000000010d430       0x60 obj/divz.o
                                         0x78 (size before relaxing)
 .eh_frame      0x000000000010d490      0x55c obj/multiterminal.o
                                        0x574 (size before relaxing)

.gcc_except_table
 *(.gcc_except_table .gcc_except_table.*)

.exception_ranges
 *(.exception_ranges .exception_ranges*)
                0x000000000010d9ec                . = (ALIGN (0x1000) - ((0x1000 - .) & 0xfff))
                0x000000000010eff4                . = DATA_SEGMENT_ALIGN (0x1000, 0x1000)

.eh_frame
 *(.eh_frame)

.gcc_except_table
 *(.gcc_except_table .gcc_except_table.*)

.exception_ranges
 *(.exception_ranges .exception_ranges*)

.tdata
 *(.tdata .tdata.* .gnu.linkonce.td.*)

.tbss
 *(.tbss .tbss.* .gnu.linkonce.tb.*)
 *(.tcommon)

.preinit_array  0x000000000010eff4        0x0
                0x000000000010eff4                PROVIDE (__preinit_array_start, .)
 *(.preinit_array)
                0x000000000010eff4                PROVIDE (__preinit_array_end, .)

.init_array     0x000000000010eff4        0x0
                0x000000000010eff4                PROVIDE (__init_array_start, .)
 *(SORT(.init_array.*) SORT(.ctors.*))
 *(.init_array)
 *(EXCLUDE_FILE(*crtend?.o *crtend.o *crtbegin?.o *crtbegin.o) .ctors)
                0x000000000010eff4                PROVIDE (__init_array_end, .)

.fini_array     0x000000000010eff4        0x0
                0x000000000010eff4                PROVIDE (__fini_array_start, .)
 *(SORT(.fini_array.*) SORT(.dtors.*))
 *(.fini_array)
 *(EXCLUDE_FILE(*crtend?.o *crtend.o *crtbegin?.o *crtbegin.o) .dtors)
                0x000000000010eff4                PROVIDE (__fini_array_end, .)

.ctors
 *crtbegin.o(.ctors)
 *crtbegin?.o(.ctors)
 *(EXCLUDE_FILE(*crtend?.o *crtend.o) .ctors)
 *(SORT(.ctors.*))
 *(.ctors)

.dtors
 *crtbegin.o(.dtors)
 *crtbegin?.o(.dtors)
 *(EXCLUDE_FILE(*crtend?.o *crtend.o) .dtors)
 *(SORT(.dtors.*))
 *(.dtors)

.jcr
 *(.jcr)

.data.rel.ro
 *(.data.rel.ro.local* .gnu.linkonce.d.rel.ro.local.*)
 *(.data.rel.ro* .gnu.linkonce.d.rel.ro.*)

.dynamic
 *(.dynamic)

.got
 *(.got)
 *(.igot)
                0x000000000010eff4                . = DATA_SEGMENT_RELRO_END (., 0xc)

.got.plt        0x000000000010eff4        0x0
 *(.got.plt)
 *(.igot.plt)
 .igot.plt      0x0000000000000000        0x0 obj/kstart.o

.data           0x000000000010f000      0xe90
 *(.data .data.* .gnu.linkonce.d.*)
 .data          0x000000000010f000        0x0 obj/kernel.o
 .data          0x000000000010f000       0x18 obj/gdt_idt.o
 .data          0x000000000010f018        0x0 obj/irq.o
 .data          0x000000000010f018        0x0 obj/string.o
 .data          0x000000000010f018        0x8 obj/sprintf.o
 .data          0x000000000010f020        0x0 obj/malloc.o
 .data          0x000000000010f020        0x0 obj/cons.o
 .data          0x000000000010f020        0x0 obj/timer.o
 .data          0x000000000010f020        0x0 obj/queue.o
 .data          0x000000000010f020        0x0 obj/math.o
 .data          0x000000000010f020        0x0 obj/sem.o
 .data          0x000000000010f020        0x0 obj/mutex.o
 .data          0x000000000010f020        0x0 obj/monitor.o
 .data          0x000000000010f020        0x0 obj/pipe.o
 .data          0x000000000010f020        0x0 obj/msgqueue.o
 .data          0x000000000010f020        0x4 obj/rand.o
 *fill*         0x000000000010f024       0x1c 00
 .data          0x000000000010f040       0x50 obj/filo.o
 *fill*         0x000000000010f090       0x10 00
 .data          0x000000000010f0a0       0x50 obj/sfilo.o
 *fill*         0x000000000010f0f0       0x10 00
 .data          0x000000000010f100       0x50 obj/xfilo.o
 *fill*         0x000000000010f150       0x10 00
 .data          0x000000000010f160      0xc20 obj/keyboard.o
                0x000000000010f160                keymap_us_std
                0x000000000010f760                keymap_spanish
 .data          0x000000000010fd80        0x0 obj/printk.o
 .data          0x000000000010fd80        0x0 obj/getline.o
 .data          0x000000000010fd80       0x58 obj/shell.o
 .data          0x000000000010fdd8        0xc obj/split.o
 .data          0x000000000010fde4        0x0 obj/setkb.o
 .data          0x000000000010fde4        0x4 obj/camino.o
 .data          0x000000000010fde8        0x4 obj/camino_ns.o
 .data          0x000000000010fdec        0x0 obj/atoi.o
 *fill*         0x000000000010fdec       0x14 00
 .data          0x000000000010fe00       0x40 obj/prodcons.o
 .data          0x000000000010fe40       0x50 obj/afilo.o
 .data          0x000000000010fe90        0x0 obj/divz.o
 .data          0x000000000010fe90        0x0 obj/multiterminal.o

.data1
 *(.data1)
                0x000000000010fe90                _edata = .
                0x000000000010fe90                PROVIDE (edata, .)
                0x000000000010fe90                __bss_start = .

.bss            0x000000000010fea0   0x808f6c
 *(.dynbss)
 *(.bss .bss.* .gnu.linkonce.b.*)
 .bss           0x000000000010fea0     0x4000 obj/kstart.o
 .bss           0x0000000000113ea0        0x6 obj/libasm.o
 *fill*         0x0000000000113ea6        0x2 00
 .bss           0x0000000000113ea8     0x4014 obj/interrupts.o
 *fill*         0x0000000000117ebc        0x4 00
 .bss           0x0000000000117ec0       0x80 obj/kernel.o
 .bss           0x0000000000117f40      0x180 obj/gdt_idt.o
 .bss           0x00000000001180c0       0xc0 obj/irq.o
 .bss           0x0000000000118180        0x0 obj/string.o
 .bss           0x0000000000118180        0x0 obj/sprintf.o
 .bss           0x0000000000118180   0x800010 obj/malloc.o
 *fill*         0x0000000000918190       0x10 00
 .bss           0x00000000009181a0      0x324 obj/cons.o
 .bss           0x00000000009184c4        0x0 obj/timer.o
 .bss           0x00000000009184c4        0xc obj/queue.o
 .bss           0x00000000009184d0        0x0 obj/math.o
 .bss           0x00000000009184d0        0x0 obj/sem.o
 .bss           0x00000000009184d0        0x0 obj/mutex.o
 .bss           0x00000000009184d0        0x0 obj/monitor.o
 .bss           0x00000000009184d0        0x0 obj/pipe.o
 .bss           0x00000000009184d0        0x0 obj/msgqueue.o
 .bss           0x00000000009184d0        0x0 obj/rand.o
 .bss           0x00000000009184d0       0x2c obj/filo.o
 .bss           0x00000000009184fc       0x1c obj/sfilo.o
 .bss           0x0000000000918518       0x40 obj/xfilo.o
 *fill*         0x0000000000918558        0x8 00
 .bss           0x0000000000918560      0x368 obj/keyboard.o
 .bss           0x00000000009188c8        0x0 obj/printk.o
 .bss           0x00000000009188c8        0x0 obj/getline.o
 .bss           0x00000000009188c8        0x0 obj/shell.o
 .bss           0x00000000009188c8        0x0 obj/split.o
 .bss           0x00000000009188c8        0x0 obj/setkb.o
 *fill*         0x00000000009188c8       0x18 00
 .bss           0x00000000009188e0       0x8c obj/camino.o
 *fill*         0x000000000091896c       0x14 00
 .bss           0x0000000000918980       0x88 obj/camino_ns.o
 .bss           0x0000000000918a08        0x0 obj/atoi.o
 *fill*         0x0000000000918a08       0x18 00
 .bss           0x0000000000918a20       0x64 obj/prodcons.o
 .bss           0x0000000000918a84       0x3c obj/afilo.o
 .bss           0x0000000000918ac0        0x0 obj/divz.o
 .bss           0x0000000000918ac0      0x32c obj/multiterminal.o
 *(COMMON)
 *fill*         0x0000000000918dec        0x4 00
 COMMON         0x0000000000918df0       0x18 obj/kernel.o
                0x0000000000918df0                mt_last_task
                0x0000000000918df4                mt_fpu_task
                0x0000000000918df8                mt_curr_task
                0x0000000000918e00                mt_ticks
 COMMON         0x0000000000918e08        0x4 obj/irq.o
                0x0000000000918e08                mt_int_level
                0x0000000000918e0c                . = ALIGN ((. != 0x0)?0x4:0x1)
                0x0000000000918e0c                . = ALIGN (0x4)
                0x0000000000918e0c                . = ALIGN (0x4)
                0x0000000000918e0c                _end = .
                0x0000000000918e0c                PROVIDE (end, .)
                0x0000000000918e0c                . = DATA_SEGMENT_END (.)

.stab
 *(.stab)

.stabstr
 *(.stabstr)

.stab.excl
 *(.stab.excl)

.stab.exclstr
 *(.stab.exclstr)

.stab.index
 *(.stab.index)

.stab.indexstr
 *(.stab.indexstr)

.comment        0x0000000000000000       0x2a
 *(.comment)
 .comment       0x0000000000000000       0x2a obj/kernel.o
                                         0x2b (size before relaxing)
 .comment       0x0000000000000000       0x2b obj/gdt_idt.o
 .comment       0x0000000000000000       0x2b obj/irq.o
 .comment       0x0000000000000000       0x2b obj/string.o
 .comment       0x0000000000000000       0x2b obj/sprintf.o
 .comment       0x0000000000000000       0x2b obj/malloc.o
 .comment       0x0000000000000000       0x2b obj/cons.o
 .comment       0x0000000000000000       0x2b obj/timer.o
 .comment       0x0000000000000000       0x2b obj/queue.o
 .comment       0x0000000000000000       0x2b obj/math.o
 .comment       0x0000000000000000       0x2b obj/sem.o
 .comment       0x0000000000000000       0x2b obj/mutex.o
 .comment       0x0000000000000000       0x2b obj/monitor.o
 .comment       0x0000000000000000       0x2b obj/pipe.o
 .comment       0x0000000000000000       0x2b obj/msgqueue.o
 .comment       0x0000000000000000       0x2b obj/rand.o
 .comment       0x0000000000000000       0x2b obj/filo.o
 .comment       0x0000000000000000       0x2b obj/sfilo.o
 .comment       0x0000000000000000       0x2b obj/xfilo.o
 .comment       0x0000000000000000       0x2b obj/keyboard.o
 .comment       0x0000000000000000       0x2b obj/printk.o
 .comment       0x0000000000000000       0x2b obj/getline.o
 .comment       0x0000000000000000       0x2b obj/shell.o
 .comment       0x0000000000000000       0x2b obj/split.o
 .comment       0x0000000000000000       0x2b obj/setkb.o
 .comment       0x0000000000000000       0x2b obj/camino.o
 .comment       0x0000000000000000       0x2b obj/camino_ns.o
 .comment       0x0000000000000000       0x2b obj/atoi.o
 .comment       0x0000000000000000       0x2b obj/prodcons.o
 .comment       0x0000000000000000       0x2b obj/afilo.o
 .comment       0x0000000000000000       0x2b obj/divz.o
 .comment       0x0000000000000000       0x2b obj/multiterminal.o

.debug
 *(.debug)

.line
 *(.line)

.debug_srcinfo
 *(.debug_srcinfo)

.debug_sfnames
 *(.debug_sfnames)

.debug_aranges
 *(.debug_aranges)

.debug_pubnames
 *(.debug_pubnames)

.debug_info
 *(.debug_info .gnu.linkonce.wi.*)

.debug_abbrev
 *(.debug_abbrev)

.debug_line
 *(.debug_line)

.debug_frame
 *(.debug_frame)

.debug_str
 *(.debug_str)

.debug_loc
 *(.debug_loc)

.debug_macinfo
 *(.debug_macinfo)

.debug_weaknames
 *(.debug_weaknames)

.debug_funcnames
 *(.debug_funcnames)

.debug_typenames
 *(.debug_typenames)

.debug_varnames
 *(.debug_varnames)

.debug_pubtypes
 *(.debug_pubtypes)

.debug_ranges
 *(.debug_ranges)

.gnu.attributes
 *(.gnu.attributes)

/DISCARD/
 *(.note.GNU-stack)
 *(.gnu_debuglink)
 *(.gnu.lto_*)
OUTPUT(mtask elf32-i386)
