
Allocating common symbols
Common symbol       size              file

mt_int_level        0x4               obj/irq.o
mt_last_task        0x4               obj/kernel.o
mt_fpu_task         0x4               obj/kernel.o
mt_curr_task        0x4               obj/kernel.o
mt_ticks            0x8               obj/kernel.o

Discarded input sections

 .note.GNU-stack
                0x0000000000000000        0x0 obj/kernel.o
 .note.GNU-stack
                0x0000000000000000        0x0 obj/gdt_idt.o
 .note.GNU-stack
                0x0000000000000000        0x0 obj/irq.o
 .note.GNU-stack
                0x0000000000000000        0x0 obj/string.o
 .note.GNU-stack
                0x0000000000000000        0x0 obj/sprintf.o
 .note.GNU-stack
                0x0000000000000000        0x0 obj/malloc.o
 .note.GNU-stack
                0x0000000000000000        0x0 obj/cons.o
 .note.GNU-stack
                0x0000000000000000        0x0 obj/timer.o
 .note.GNU-stack
                0x0000000000000000        0x0 obj/queue.o
 .note.GNU-stack
                0x0000000000000000        0x0 obj/math.o
 .note.GNU-stack
                0x0000000000000000        0x0 obj/sem.o
 .note.GNU-stack
                0x0000000000000000        0x0 obj/mutex.o
 .note.GNU-stack
                0x0000000000000000        0x0 obj/monitor.o
 .note.GNU-stack
                0x0000000000000000        0x0 obj/pipe.o
 .note.GNU-stack
                0x0000000000000000        0x0 obj/msgqueue.o
 .note.GNU-stack
                0x0000000000000000        0x0 obj/rand.o
 .note.GNU-stack
                0x0000000000000000        0x0 obj/filo.o
 .note.GNU-stack
                0x0000000000000000        0x0 obj/sfilo.o
 .note.GNU-stack
                0x0000000000000000        0x0 obj/xfilo.o
 .note.GNU-stack
                0x0000000000000000        0x0 obj/keyboard.o
 .note.GNU-stack
                0x0000000000000000        0x0 obj/printk.o
 .note.GNU-stack
                0x0000000000000000        0x0 obj/getline.o
 .note.GNU-stack
                0x0000000000000000        0x0 obj/shell.o
 .note.GNU-stack
                0x0000000000000000        0x0 obj/split.o
 .note.GNU-stack
                0x0000000000000000        0x0 obj/setkb.o
 .note.GNU-stack
                0x0000000000000000        0x0 obj/camino.o
 .note.GNU-stack
                0x0000000000000000        0x0 obj/camino_ns.o
 .note.GNU-stack
                0x0000000000000000        0x0 obj/atoi.o
 .note.GNU-stack
                0x0000000000000000        0x0 obj/prodcons.o
 .note.GNU-stack
                0x0000000000000000        0x0 obj/afilo.o
 .note.GNU-stack
                0x0000000000000000        0x0 obj/divz.o
 .note.GNU-stack
                0x0000000000000000        0x0 obj/multiterminal.o

Memory Configuration

Name             Origin             Length             Attributes
*default*        0x0000000000000000 0xffffffffffffffff

Linker script and memory map

Address of section .text-segment set to 0x100000
LOAD obj/kstart.o
LOAD obj/libasm.o
LOAD obj/interrupts.o
LOAD obj/kernel.o
LOAD obj/gdt_idt.o
LOAD obj/irq.o
LOAD obj/string.o
LOAD obj/sprintf.o
LOAD obj/malloc.o
LOAD obj/cons.o
LOAD obj/io.o
LOAD obj/timer.o
LOAD obj/queue.o
LOAD obj/math.o
LOAD obj/sem.o
LOAD obj/mutex.o
LOAD obj/monitor.o
LOAD obj/pipe.o
LOAD obj/msgqueue.o
LOAD obj/rand.o
LOAD obj/filo.o
LOAD obj/sfilo.o
LOAD obj/xfilo.o
LOAD obj/keyboard.o
LOAD obj/printk.o
LOAD obj/getline.o
LOAD obj/shell.o
LOAD obj/split.o
LOAD obj/setkb.o
LOAD obj/camino.o
LOAD obj/camino_ns.o
LOAD obj/atoi.o
LOAD obj/prodcons.o
LOAD obj/afilo.o
LOAD obj/divz.o
LOAD obj/multiterminal.o
                0x0000000000100000                PROVIDE (__executable_start, 0x100000)
                0x00000000001000d4                . = (0x100000 + SIZEOF_HEADERS)

.interp
 *(.interp)

.note.gnu.build-id
                0x00000000001000d4       0x24
 *(.note.gnu.build-id)
 .note.gnu.build-id
                0x00000000001000d4       0x24 obj/kstart.o

.hash
 *(.hash)

.gnu.hash
 *(.gnu.hash)

.dynsym
 *(.dynsym)

.dynstr
 *(.dynstr)

.gnu.version
 *(.gnu.version)

.gnu.version_d
 *(.gnu.version_d)

.gnu.version_r
 *(.gnu.version_r)

.rel.dyn        0x00000000001000f8        0x0
 *(.rel.init)
 *(.rel.text .rel.text.* .rel.gnu.linkonce.t.*)
 .rel.text      0x0000000000000000        0x0 obj/kstart.o
 *(.rel.fini)
 *(.rel.rodata .rel.rodata.* .rel.gnu.linkonce.r.*)
 *(.rel.data.rel.ro* .rel.gnu.linkonce.d.rel.ro.*)
 *(.rel.data .rel.data.* .rel.gnu.linkonce.d.*)
 .rel.data      0x0000000000000000        0x0 obj/kstart.o
 *(.rel.tdata .rel.tdata.* .rel.gnu.linkonce.td.*)
 *(.rel.tbss .rel.tbss.* .rel.gnu.linkonce.tb.*)
 *(.rel.ctors)
 *(.rel.dtors)
 *(.rel.got)
 *(.rel.bss .rel.bss.* .rel.gnu.linkonce.b.*)
 *(.rel.ifunc)

.rel.plt        0x00000000001000f8        0x0
 *(.rel.plt)
                0x00000000001000f8                PROVIDE (__rel_iplt_start, .)
 *(.rel.iplt)
 .rel.iplt      0x0000000000000000        0x0 obj/kstart.o
                0x00000000001000f8                PROVIDE (__rel_iplt_end, .)

.init
 *(.init)

.plt            0x0000000000100100        0x0
 *(.plt)
 *(.iplt)
 .iplt          0x0000000000000000        0x0 obj/kstart.o

.text           0x0000000000100100     0x8d17
 *(.text.unlikely .text.*_unlikely)
 *(.text.exit .text.exit.*)
 *(.text.startup .text.startup.*)
 *(.text.hot .text.hot.*)
 *(.text .stub .text.* .gnu.linkonce.t.*)
 .text          0x0000000000100100       0x1a obj/kstart.o
                0x000000000010010c                _start
 *fill*         0x000000000010011a        0x6 90909090
 .text          0x0000000000100120       0x80 obj/libasm.o
                0x0000000000100120                mt_load_gdt
                0x0000000000100152                mt_load_idt
                0x000000000010015a                mt_context_switch
                0x000000000010017b                mt_sti
                0x000000000010017d                mt_cli
                0x000000000010017f                mt_finit
                0x0000000000100183                mt_fsave
                0x000000000010018b                mt_frstor
                0x0000000000100193                mt_stts
                0x000000000010019d                mt_clts
 .text          0x00000000001001a0      0x380 obj/interrupts.o
                0x00000000001001a0                mt_int_stubs
 .text          0x0000000000100520      0xdd7 obj/kernel.o
                0x0000000000100520                Malloc
                0x0000000000100574                StrDup
                0x00000000001005d8                Free
                0x00000000001006a9                CreateTask
                0x000000000010079c                DeleteTask
                0x0000000000100867                CurrentTask
                0x0000000000100871                Panic
                0x00000000001008ac                Pause
                0x00000000001008c1                Yield
                0x00000000001008d6                Delay
                0x0000000000100942                Exit
                0x0000000000100957                Suspend
                0x000000000010098b                Ready
                0x00000000001009b5                GetPriority
                0x00000000001009c0                SetPriority
                0x0000000000100a21                SetData
                0x0000000000100a3c                SetSwitcher
                0x0000000000100a56                CreateQueue
                0x0000000000100a80                DeleteQueue
                0x0000000000100ab3                WaitQueue
                0x0000000000100ace                WaitQueueTimed
                0x0000000000100b4c                SignalQueue
                0x0000000000100b94                FlushQueue
                0x0000000000100be2                Send
                0x0000000000100c0b                SendCond
                0x0000000000100c34                SendTimed
                0x0000000000100d7e                Receive
                0x0000000000100da7                ReceiveCond
                0x0000000000100dd0                ReceiveTimed
                0x0000000000100f98                mt_select_task
                0x000000000010114e                Atomic
                0x0000000000101161                Unatomic
                0x0000000000101199                DisableInts
                0x00000000001011bd                RestoreInts
                0x00000000001011f0                mt_main
 *fill*         0x00000000001012f7        0x1 90909090
 .text          0x00000000001012f8      0x10b obj/gdt_idt.o
                0x00000000001013f1                mt_setup_gdt_idt
 *fill*         0x0000000000101403        0x1 90909090
 .text          0x0000000000101404      0x38a obj/irq.o
                0x00000000001015a6                mt_int_handler
                0x00000000001015f7                mt_setup_interrupts
                0x0000000000101646                mt_set_int_handler
                0x0000000000101665                mt_set_exception_handler
                0x0000000000101684                mt_disable_irq
                0x0000000000101707                mt_enable_irq
 *fill*         0x000000000010178e        0x2 90909090
 .text          0x0000000000101790      0x3d8 obj/string.o
                0x0000000000101790                strcpy
                0x00000000001017c7                strncpy
                0x000000000010180b                strcat
                0x000000000010185a                strncat
                0x00000000001018b2                strcmp
                0x00000000001018ef                strncmp
                0x000000000010193b                strchr
                0x0000000000101978                strrchr
                0x00000000001019b7                strlen
                0x00000000001019eb                strnlen
                0x0000000000101a25                memcpy
                0x0000000000101a74                memmove
                0x0000000000101af5                memchr
                0x0000000000101b37                memset
 .text          0x0000000000101b68     0x1557 obj/sprintf.o
                0x0000000000101e51                ecvtbuf
                0x0000000000101e94                fcvtbuf
                0x0000000000102b79                vsprintf
                0x0000000000103092                sprintf
 *fill*         0x00000000001030bf        0x1 90909090
 .text          0x00000000001030c0      0x204 obj/malloc.o
                0x00000000001030c0                free
                0x00000000001031e4                malloc
 .text          0x00000000001032c4      0x549 obj/cons.o
                0x0000000000103427                mt_cons_clear
                0x0000000000103472                mt_cons_clreol
                0x00000000001034d6                mt_cons_clreom
                0x000000000010352f                mt_cons_nrows
                0x0000000000103539                mt_cons_ncols
                0x0000000000103543                mt_cons_nscrolls
                0x0000000000103550                mt_cons_getxy
                0x0000000000103578                mt_cons_gotoxy
                0x00000000001035a7                mt_cons_setattr
                0x00000000001035bb                mt_cons_getattr
                0x00000000001035eb                mt_cons_cursor
                0x0000000000103686                mt_cons_putc
                0x0000000000103700                mt_cons_puts
                0x0000000000103729                mt_cons_cr
                0x0000000000103742                mt_cons_nl
                0x0000000000103769                mt_cons_tab
                0x00000000001037a8                mt_cons_bs
                0x00000000001037e9                mt_cons_raw
 *fill*         0x000000000010380d        0x3 90909090
 .text          0x0000000000103810       0x18 obj/io.o
                0x0000000000103810                inb
                0x000000000010381b                outb
 .text          0x0000000000103828       0x69 obj/timer.o
                0x0000000000103828                mt_setup_timer
 *fill*         0x0000000000103891        0x3 90909090
 .text          0x0000000000103894      0x3f9 obj/queue.o
                0x0000000000103894                mt_enqueue
                0x000000000010397a                mt_dequeue
                0x0000000000103a02                mt_peeklast
                0x0000000000103a0d                mt_getlast
                0x0000000000103a7d                mt_enqueue_time
                0x0000000000103b7b                mt_dequeue_time
                0x0000000000103c17                mt_peekfirst_time
                0x0000000000103c21                mt_getfirst_time
 *fill*         0x0000000000103c8d        0x3 90909090
 .text          0x0000000000103c90       0x95 obj/math.o
                0x0000000000103d09                mt_setup_math
 *fill*         0x0000000000103d25        0x3 90909090
 .text          0x0000000000103d28      0x147 obj/sem.o
                0x0000000000103d28                CreateSem
                0x0000000000103d5b                DeleteSem
                0x0000000000103d7c                WaitSem
                0x0000000000103d97                WaitSemCond
                0x0000000000103db2                WaitSemTimed
                0x0000000000103e04                SignalSem
                0x0000000000103e35                ValueSem
                0x0000000000103e3f                FlushSem
 *fill*         0x0000000000103e6f        0x1 90909090
 .text          0x0000000000103e70      0x140 obj/mutex.o
                0x0000000000103e70                CreateMutex
                0x0000000000103ea3                DeleteMutex
                0x0000000000103ec4                EnterMutex
                0x0000000000103edf                EnterMutexCond
                0x0000000000103efa                EnterMutexTimed
                0x0000000000103f5f                LeaveMutex
 .text          0x0000000000103fb0      0x25a obj/monitor.o
                0x0000000000103fb0                CreateMonitor
                0x0000000000103fe3                DeleteMonitor
                0x0000000000104004                EnterMonitor
                0x000000000010401f                EnterMonitorCond
                0x000000000010403a                EnterMonitorTimed
                0x000000000010408c                LeaveMonitor
                0x00000000001040c5                CreateCondition
                0x00000000001040f8                DeleteCondition
                0x0000000000104119                WaitCondition
                0x0000000000104134                WaitConditionTimed
                0x000000000010419e                SignalCondition
                0x00000000001041d0                BroadcastCondition
 *fill*         0x000000000010420a        0x2 90909090
 .text          0x000000000010420c      0x3ee obj/pipe.o
                0x000000000010420c                CreatePipe
                0x00000000001042f3                DeletePipe
                0x000000000010433d                GetPipe
                0x0000000000104366                GetPipeCond
                0x000000000010438f                GetPipeTimed
                0x0000000000104492                PutPipe
                0x00000000001044bb                PutPipeCond
                0x00000000001044e4                PutPipeTimed
                0x00000000001045ef                AvailPipe
 *fill*         0x00000000001045fa        0x2 90909090
 .text          0x00000000001045fc      0x415 obj/msgqueue.o
                0x0000000000104710                CreateMsgQueue
                0x000000000010483a                DeleteMsgQueue
                0x00000000001048a5                GetMsgQueue
                0x00000000001048c7                GetMsgQueueCond
                0x00000000001048e9                GetMsgQueueTimed
                0x000000000010494e                PutMsgQueue
                0x0000000000104970                PutMsgQueueCond
                0x0000000000104992                PutMsgQueueTimed
                0x00000000001049fb                AvailMsgQueue
 *fill*         0x0000000000104a11        0x3 90909090
 .text          0x0000000000104a14       0xb0 obj/rand.o
                0x0000000000104aa3                rand
                0x0000000000104ab7                srand
 .text          0x0000000000104ac4      0x5bf obj/filo.o
                0x0000000000104ec5                phil_main
 *fill*         0x0000000000105083        0x1 90909090
 .text          0x0000000000105084      0x547 obj/sfilo.o
                0x0000000000105417                simple_phil_main
 *fill*         0x00000000001055cb        0x1 90909090
 .text          0x00000000001055cc      0x61b obj/xfilo.o
                0x0000000000105a1b                extra_phil_main
 *fill*         0x0000000000105be7        0x1 90909090
 .text          0x0000000000105be8      0x505 obj/keyboard.o
                0x0000000000105f98                mt_kbd_getch_timed
                0x0000000000105fbb                mt_kbd_getch
                0x0000000000105fd7                mt_kbd_init
                0x0000000000106078                mt_kbd_getlayout
                0x0000000000106082                mt_kbd_setlayout
                0x00000000001060e3                mt_kbd_layouts
 *fill*         0x00000000001060ed        0x3 90909090
 .text          0x00000000001060f0       0xfd obj/printk.o
                0x00000000001060f0                vprintk
                0x0000000000106167                printk
                0x000000000010618d                cprintk
 *fill*         0x00000000001061ed        0x3 90909090
 .text          0x00000000001061f0      0x135 obj/getline.o
                0x00000000001061f0                mt_getline
 *fill*         0x0000000000106325        0x3 90909090
 .text          0x0000000000106328      0x27c obj/shell.o
                0x0000000000106328                shell_main
 .text          0x00000000001065a4      0x34f obj/split.o
                0x00000000001065f9                setfs
                0x0000000000106621                split
                0x00000000001067cf                separate
 *fill*         0x00000000001068f3        0x1 90909090
 .text          0x00000000001068f4       0xee obj/setkb.o
                0x00000000001068f4                setkb_main
 *fill*         0x00000000001069e2        0x2 90909090
 .text          0x00000000001069e4      0x928 obj/camino.o
                0x000000000010716c                camino_main
 .text          0x000000000010730c      0xade obj/camino_ns.o
                0x0000000000107c6e                camino_ns_main
 *fill*         0x0000000000107dea        0x2 90909090
 .text          0x0000000000107dec       0xa6 obj/atoi.o
                0x0000000000107dec                atoi
 *fill*         0x0000000000107e92        0x2 90909090
 .text          0x0000000000107e94      0x4d5 obj/prodcons.o
                0x0000000000108121                prodcons_main
 *fill*         0x0000000000108369        0x3 90909090
 .text          0x000000000010836c      0x5ab obj/afilo.o
                0x000000000010878e                atomic_phil_main
 *fill*         0x0000000000108917        0x1 90909090
 .text          0x0000000000108918       0xf5 obj/divz.o
                0x0000000000108956                divz_main
 *fill*         0x0000000000108a0d        0x3 90909090
 .text          0x0000000000108a10      0x407 obj/multiterminal.o
                0x0000000000108a10                mt_mtty_init
                0x0000000000108ae0                getVidmem
                0x0000000000108afd                setCur_x
                0x0000000000108b1e                getCur_x
                0x0000000000108b3b                decCur_x
                0x0000000000108b6d                setCur_y
                0x0000000000108b8e                getCur_y
                0x0000000000108bab                incCur_y
                0x0000000000108bdd                decCur_y
                0x0000000000108c0f                getCursor_On
                0x0000000000108c2c                setCursor_On
                0x0000000000108c4d                setCur_attr
                0x0000000000108c77                getCur_attr
                0x0000000000108c94                getScrolls
                0x0000000000108cb1                incScrolls
                0x0000000000108ce3                getRaw
                0x0000000000108d00                setRaw
                0x0000000000108d21                putty
                0x0000000000108d83                putIntottyKbd
                0x0000000000108db2                getFromttyKbd
                0x0000000000108de1                getFromttyKbdTimed
 *(.gnu.warning)

.fini
 *(.fini)
                0x0000000000108e17                PROVIDE (__etext, .)
                0x0000000000108e17                PROVIDE (_etext, .)
                0x0000000000108e17                PROVIDE (etext, .)

.rodata         0x0000000000108e18      0x96d
 *(.rodata .rodata.* .gnu.linkonce.r.*)
 .rodata        0x0000000000108e18       0xd8 obj/kernel.o
 .rodata        0x0000000000108ef0       0x55 obj/irq.o
 *fill*         0x0000000000108f45        0x3 00
 .rodata        0x0000000000108f48      0x188 obj/sprintf.o
 .rodata        0x00000000001090d0       0x29 obj/mutex.o
 *fill*         0x00000000001090f9        0x3 00
 .rodata        0x00000000001090fc       0xff obj/monitor.o
 .rodata        0x00000000001091fb        0xe obj/pipe.o
 *fill*         0x0000000000109209        0x3 00
 .rodata        0x000000000010920c       0x2f obj/msgqueue.o
 *fill*         0x000000000010923b        0x1 00
 .rodata        0x000000000010923c       0x4e obj/filo.o
 *fill*         0x000000000010928a        0x2 00
 .rodata        0x000000000010928c       0x4e obj/sfilo.o
 *fill*         0x00000000001092da        0x2 00
 .rodata        0x00000000001092dc       0x4e obj/xfilo.o
 .rodata        0x000000000010932a       0x24 obj/keyboard.o
 .rodata        0x000000000010934e        0xf obj/getline.o
 .rodata        0x000000000010935d       0xbb obj/shell.o
 .rodata        0x0000000000109418        0x1 obj/split.o
 *fill*         0x0000000000109419        0x3 00
 .rodata        0x000000000010941c       0x62 obj/setkb.o
 *fill*         0x000000000010947e        0x2 00
 .rodata        0x0000000000109480       0x88 obj/camino.o
 .rodata        0x0000000000109508       0xa0 obj/camino_ns.o
 .rodata        0x00000000001095a8      0x116 obj/prodcons.o
 *fill*         0x00000000001096be        0x2 00
 .rodata        0x00000000001096c0       0x4e obj/afilo.o
 *fill*         0x000000000010970e        0x2 00
 .rodata        0x0000000000109710       0x6b obj/divz.o
 .rodata        0x000000000010977b        0xa obj/multiterminal.o

.rodata1
 *(.rodata1)

.eh_frame_hdr   0x0000000000109788      0x984
 *(.eh_frame_hdr)
 .eh_frame_hdr  0x0000000000109788      0x984 obj/kernel.o

.eh_frame       0x000000000010a10c     0x26b0
 *(.eh_frame)
 .eh_frame      0x000000000010a10c      0x58c obj/kernel.o
 .eh_frame      0x000000000010a698       0x60 obj/gdt_idt.o
                                         0x78 (size before relaxing)
 .eh_frame      0x000000000010a6f8      0x148 obj/irq.o
                                        0x160 (size before relaxing)
 .eh_frame      0x000000000010a840      0x264 obj/string.o
                                        0x27c (size before relaxing)
 .eh_frame      0x000000000010aaa4      0x1d8 obj/sprintf.o
                                        0x1f0 (size before relaxing)
 .eh_frame      0x000000000010ac7c       0x60 obj/malloc.o
                                         0x78 (size before relaxing)
 .eh_frame      0x000000000010acdc      0x2a0 obj/cons.o
                                        0x2b8 (size before relaxing)
 .eh_frame      0x000000000010af7c       0x20 obj/timer.o
                                         0x38 (size before relaxing)
 .eh_frame      0x000000000010af9c      0x100 obj/queue.o
                                        0x118 (size before relaxing)
 .eh_frame      0x000000000010b09c       0x44 obj/math.o
                                         0x5c (size before relaxing)
 .eh_frame      0x000000000010b0e0      0x100 obj/sem.o
                                        0x118 (size before relaxing)
 .eh_frame      0x000000000010b1e0       0xc0 obj/mutex.o
                                         0xd8 (size before relaxing)
 .eh_frame      0x000000000010b2a0      0x180 obj/monitor.o
                                        0x198 (size before relaxing)
 .eh_frame      0x000000000010b420      0x120 obj/pipe.o
                                        0x138 (size before relaxing)
 .eh_frame      0x000000000010b540      0x160 obj/msgqueue.o
                                        0x178 (size before relaxing)
 .eh_frame      0x000000000010b6a0       0x60 obj/rand.o
                                         0x78 (size before relaxing)
 .eh_frame      0x000000000010b700      0x184 obj/filo.o
                                        0x19c (size before relaxing)
 .eh_frame      0x000000000010b884      0x164 obj/sfilo.o
                                        0x17c (size before relaxing)
 .eh_frame      0x000000000010b9e8      0x184 obj/xfilo.o
                                        0x19c (size before relaxing)
 .eh_frame      0x000000000010bb6c      0x15c obj/keyboard.o
                                        0x174 (size before relaxing)
 .eh_frame      0x000000000010bcc8       0x60 obj/printk.o
                                         0x78 (size before relaxing)
 .eh_frame      0x000000000010bd28       0x20 obj/getline.o
                                         0x38 (size before relaxing)
 .eh_frame      0x000000000010bd48       0x20 obj/shell.o
                                         0x38 (size before relaxing)
 .eh_frame      0x000000000010bd68       0xc0 obj/split.o
                                         0xd8 (size before relaxing)
 .eh_frame      0x000000000010be28       0x20 obj/setkb.o
                                         0x38 (size before relaxing)
 .eh_frame      0x000000000010be48      0x1fc obj/camino.o
                                        0x214 (size before relaxing)
 .eh_frame      0x000000000010c044      0x1bc obj/camino_ns.o
                                        0x1d4 (size before relaxing)
 .eh_frame      0x000000000010c200       0x24 obj/atoi.o
                                         0x3c (size before relaxing)
 .eh_frame      0x000000000010c224      0x114 obj/prodcons.o
                                        0x12c (size before relaxing)
 .eh_frame      0x000000000010c338      0x184 obj/afilo.o
                                        0x19c (size before relaxing)
 .eh_frame      0x000000000010c4bc       0x60 obj/divz.o
                                         0x78 (size before relaxing)
 .eh_frame      0x000000000010c51c      0x2a0 obj/multiterminal.o
                                        0x2b8 (size before relaxing)

.gcc_except_table
 *(.gcc_except_table .gcc_except_table.*)

.exception_ranges
 *(.exception_ranges .exception_ranges*)
                0x000000000010c7bc                . = (ALIGN (0x1000) - ((0x1000 - .) & 0xfff))
                0x000000000010dff4                . = DATA_SEGMENT_ALIGN (0x1000, 0x1000)

.eh_frame
 *(.eh_frame)

.gcc_except_table
 *(.gcc_except_table .gcc_except_table.*)

.exception_ranges
 *(.exception_ranges .exception_ranges*)

.tdata
 *(.tdata .tdata.* .gnu.linkonce.td.*)

.tbss
 *(.tbss .tbss.* .gnu.linkonce.tb.*)
 *(.tcommon)

.preinit_array  0x000000000010dff4        0x0
                0x000000000010dff4                PROVIDE (__preinit_array_start, .)
 *(.preinit_array)
                0x000000000010dff4                PROVIDE (__preinit_array_end, .)

.init_array     0x000000000010dff4        0x0
                0x000000000010dff4                PROVIDE (__init_array_start, .)
 *(SORT(.init_array.*) SORT(.ctors.*))
 *(.init_array)
 *(EXCLUDE_FILE(*crtend?.o *crtend.o *crtbegin?.o *crtbegin.o) .ctors)
                0x000000000010dff4                PROVIDE (__init_array_end, .)

.fini_array     0x000000000010dff4        0x0
                0x000000000010dff4                PROVIDE (__fini_array_start, .)
 *(SORT(.fini_array.*) SORT(.dtors.*))
 *(.fini_array)
 *(EXCLUDE_FILE(*crtend?.o *crtend.o *crtbegin?.o *crtbegin.o) .dtors)
                0x000000000010dff4                PROVIDE (__fini_array_end, .)

.ctors
 *crtbegin.o(.ctors)
 *crtbegin?.o(.ctors)
 *(EXCLUDE_FILE(*crtend?.o *crtend.o) .ctors)
 *(SORT(.ctors.*))
 *(.ctors)

.dtors
 *crtbegin.o(.dtors)
 *crtbegin?.o(.dtors)
 *(EXCLUDE_FILE(*crtend?.o *crtend.o) .dtors)
 *(SORT(.dtors.*))
 *(.dtors)

.jcr
 *(.jcr)

.data.rel.ro
 *(.data.rel.ro.local* .gnu.linkonce.d.rel.ro.local.*)
 *(.data.rel.ro* .gnu.linkonce.d.rel.ro.*)

.dynamic
 *(.dynamic)

.got
 *(.got)
 *(.igot)
                0x000000000010dff4                . = DATA_SEGMENT_RELRO_END (., 0xc)

.got.plt        0x000000000010dff4        0x0
 *(.got.plt)
 *(.igot.plt)
 .igot.plt      0x0000000000000000        0x0 obj/kstart.o

.data           0x000000000010e000      0xe90
 *(.data .data.* .gnu.linkonce.d.*)
 .data          0x000000000010e000        0x0 obj/kernel.o
 .data          0x000000000010e000       0x18 obj/gdt_idt.o
 .data          0x000000000010e018        0x0 obj/irq.o
 .data          0x000000000010e018        0x0 obj/string.o
 .data          0x000000000010e018        0x8 obj/sprintf.o
 .data          0x000000000010e020        0x0 obj/malloc.o
 .data          0x000000000010e020        0x0 obj/cons.o
 .data          0x000000000010e020        0x0 obj/timer.o
 .data          0x000000000010e020        0x0 obj/queue.o
 .data          0x000000000010e020        0x0 obj/math.o
 .data          0x000000000010e020        0x0 obj/sem.o
 .data          0x000000000010e020        0x0 obj/mutex.o
 .data          0x000000000010e020        0x0 obj/monitor.o
 .data          0x000000000010e020        0x0 obj/pipe.o
 .data          0x000000000010e020        0x0 obj/msgqueue.o
 .data          0x000000000010e020        0x4 obj/rand.o
 *fill*         0x000000000010e024       0x1c 00
 .data          0x000000000010e040       0x50 obj/filo.o
 *fill*         0x000000000010e090       0x10 00
 .data          0x000000000010e0a0       0x50 obj/sfilo.o
 *fill*         0x000000000010e0f0       0x10 00
 .data          0x000000000010e100       0x50 obj/xfilo.o
 *fill*         0x000000000010e150       0x10 00
 .data          0x000000000010e160      0xc20 obj/keyboard.o
                0x000000000010e160                keymap_us_std
                0x000000000010e760                keymap_spanish
 .data          0x000000000010ed80        0x0 obj/printk.o
 .data          0x000000000010ed80        0x0 obj/getline.o
 .data          0x000000000010ed80       0x58 obj/shell.o
 .data          0x000000000010edd8        0xc obj/split.o
 .data          0x000000000010ede4        0x0 obj/setkb.o
 .data          0x000000000010ede4        0x4 obj/camino.o
 .data          0x000000000010ede8        0x4 obj/camino_ns.o
 .data          0x000000000010edec        0x0 obj/atoi.o
 *fill*         0x000000000010edec       0x14 00
 .data          0x000000000010ee00       0x40 obj/prodcons.o
 .data          0x000000000010ee40       0x50 obj/afilo.o
 .data          0x000000000010ee90        0x0 obj/divz.o
 .data          0x000000000010ee90        0x0 obj/multiterminal.o

.data1
 *(.data1)
                0x000000000010ee90                _edata = .
                0x000000000010ee90                PROVIDE (edata, .)
                0x000000000010ee90                __bss_start = .

.bss            0x000000000010eea0   0x8087b4
 *(.dynbss)
 *(.bss .bss.* .gnu.linkonce.b.*)
 .bss           0x000000000010eea0     0x4000 obj/kstart.o
 .bss           0x0000000000112ea0        0x6 obj/libasm.o
 *fill*         0x0000000000112ea6        0x2 00
 .bss           0x0000000000112ea8     0x4014 obj/interrupts.o
 *fill*         0x0000000000116ebc        0x4 00
 .bss           0x0000000000116ec0       0x7c obj/kernel.o
 *fill*         0x0000000000116f3c        0x4 00
 .bss           0x0000000000116f40      0x180 obj/gdt_idt.o
 .bss           0x00000000001170c0       0xc0 obj/irq.o
 .bss           0x0000000000117180        0x0 obj/string.o
 .bss           0x0000000000117180        0x0 obj/sprintf.o
 .bss           0x0000000000117180   0x800010 obj/malloc.o
 *fill*         0x0000000000917190       0x10 00
 .bss           0x00000000009171a0       0x94 obj/cons.o
 .bss           0x0000000000917234        0x0 obj/timer.o
 .bss           0x0000000000917234        0xc obj/queue.o
 .bss           0x0000000000917240        0x0 obj/math.o
 .bss           0x0000000000917240        0x0 obj/sem.o
 .bss           0x0000000000917240        0x0 obj/mutex.o
 .bss           0x0000000000917240        0x0 obj/monitor.o
 .bss           0x0000000000917240        0x0 obj/pipe.o
 .bss           0x0000000000917240        0x0 obj/msgqueue.o
 .bss           0x0000000000917240        0x0 obj/rand.o
 .bss           0x0000000000917240       0x2c obj/filo.o
 .bss           0x000000000091726c       0x1c obj/sfilo.o
 .bss           0x0000000000917288       0x40 obj/xfilo.o
 *fill*         0x00000000009172c8       0x18 00
 .bss           0x00000000009172e0       0xd8 obj/keyboard.o
 .bss           0x00000000009173b8        0x0 obj/printk.o
 .bss           0x00000000009173b8        0x0 obj/getline.o
 .bss           0x00000000009173b8        0x0 obj/shell.o
 .bss           0x00000000009173b8        0x0 obj/split.o
 .bss           0x00000000009173b8        0x0 obj/setkb.o
 *fill*         0x00000000009173b8        0x8 00
 .bss           0x00000000009173c0       0x8c obj/camino.o
 *fill*         0x000000000091744c       0x14 00
 .bss           0x0000000000917460       0x88 obj/camino_ns.o
 .bss           0x00000000009174e8        0x0 obj/atoi.o
 *fill*         0x00000000009174e8       0x18 00
 .bss           0x0000000000917500       0x64 obj/prodcons.o
 .bss           0x0000000000917564       0x3c obj/afilo.o
 .bss           0x00000000009175a0        0x0 obj/divz.o
 .bss           0x00000000009175a0       0x94 obj/multiterminal.o
 *(COMMON)
 *fill*         0x0000000000917634        0x4 00
 COMMON         0x0000000000917638       0x18 obj/kernel.o
                0x0000000000917638                mt_last_task
                0x000000000091763c                mt_fpu_task
                0x0000000000917640                mt_curr_task
                0x0000000000917648                mt_ticks
 COMMON         0x0000000000917650        0x4 obj/irq.o
                0x0000000000917650                mt_int_level
                0x0000000000917654                . = ALIGN ((. != 0x0)?0x4:0x1)
                0x0000000000917654                . = ALIGN (0x4)
                0x0000000000917654                . = ALIGN (0x4)
                0x0000000000917654                _end = .
                0x0000000000917654                PROVIDE (end, .)
                0x0000000000917654                . = DATA_SEGMENT_END (.)

.stab
 *(.stab)

.stabstr
 *(.stabstr)

.stab.excl
 *(.stab.excl)

.stab.exclstr
 *(.stab.exclstr)

.stab.index
 *(.stab.index)

.stab.indexstr
 *(.stab.indexstr)

.comment        0x0000000000000000       0x54
 *(.comment)
 .comment       0x0000000000000000       0x2a obj/kernel.o
                                         0x2b (size before relaxing)
 .comment       0x000000000000002a       0x2a obj/gdt_idt.o
                                         0x2b (size before relaxing)
 .comment       0x0000000000000000       0x2b obj/irq.o
 .comment       0x0000000000000000       0x2b obj/string.o
 .comment       0x0000000000000000       0x2b obj/sprintf.o
 .comment       0x0000000000000000       0x2b obj/malloc.o
 .comment       0x0000000000000000       0x2b obj/cons.o
 .comment       0x0000000000000000       0x2b obj/timer.o
 .comment       0x0000000000000000       0x2b obj/queue.o
 .comment       0x0000000000000000       0x2b obj/math.o
 .comment       0x0000000000000000       0x2b obj/sem.o
 .comment       0x0000000000000000       0x2b obj/mutex.o
 .comment       0x0000000000000000       0x2b obj/monitor.o
 .comment       0x0000000000000000       0x2b obj/pipe.o
 .comment       0x0000000000000000       0x2b obj/msgqueue.o
 .comment       0x0000000000000000       0x2b obj/rand.o
 .comment       0x0000000000000000       0x2b obj/filo.o
 .comment       0x0000000000000000       0x2b obj/sfilo.o
 .comment       0x0000000000000000       0x2b obj/xfilo.o
 .comment       0x0000000000000000       0x2b obj/keyboard.o
 .comment       0x0000000000000000       0x2b obj/printk.o
 .comment       0x0000000000000000       0x2b obj/getline.o
 .comment       0x0000000000000000       0x2b obj/shell.o
 .comment       0x0000000000000000       0x2b obj/split.o
 .comment       0x0000000000000000       0x2b obj/setkb.o
 .comment       0x0000000000000000       0x2b obj/camino.o
 .comment       0x0000000000000000       0x2b obj/camino_ns.o
 .comment       0x0000000000000000       0x2b obj/atoi.o
 .comment       0x0000000000000000       0x2b obj/prodcons.o
 .comment       0x0000000000000000       0x2b obj/afilo.o
 .comment       0x0000000000000000       0x2b obj/divz.o
 .comment       0x0000000000000000       0x2b obj/multiterminal.o

.debug
 *(.debug)

.line
 *(.line)

.debug_srcinfo
 *(.debug_srcinfo)

.debug_sfnames
 *(.debug_sfnames)

.debug_aranges
 *(.debug_aranges)

.debug_pubnames
 *(.debug_pubnames)

.debug_info
 *(.debug_info .gnu.linkonce.wi.*)

.debug_abbrev
 *(.debug_abbrev)

.debug_line
 *(.debug_line)

.debug_frame
 *(.debug_frame)

.debug_str
 *(.debug_str)

.debug_loc
 *(.debug_loc)

.debug_macinfo
 *(.debug_macinfo)

.debug_weaknames
 *(.debug_weaknames)

.debug_funcnames
 *(.debug_funcnames)

.debug_typenames
 *(.debug_typenames)

.debug_varnames
 *(.debug_varnames)

.debug_pubtypes
 *(.debug_pubtypes)

.debug_ranges
 *(.debug_ranges)

.gnu.attributes
 *(.gnu.attributes)

/DISCARD/
 *(.note.GNU-stack)
 *(.gnu_debuglink)
 *(.gnu.lto_*)
OUTPUT(mtask elf32-i386)
