
Se asignan símbolos comunes
Símbolo común       tamaño            fichero

mt_int_level        0x4               obj/irq.o
mt_last_task        0x4               obj/kernel.o
mt_fpu_task         0x4               obj/kernel.o
mt_curr_task        0x4               obj/kernel.o
mt_ticks            0x8               obj/kernel.o

Secciones de salida descartadas

 .note.GNU-stack
                0x0000000000000000        0x0 obj/kernel.o
 .note.GNU-stack
                0x0000000000000000        0x0 obj/gdt_idt.o
 .note.GNU-stack
                0x0000000000000000        0x0 obj/irq.o
 .note.GNU-stack
                0x0000000000000000        0x0 obj/string.o
 .note.GNU-stack
                0x0000000000000000        0x0 obj/sprintf.o
 .note.GNU-stack
                0x0000000000000000        0x0 obj/malloc.o
 .note.GNU-stack
                0x0000000000000000        0x0 obj/cons.o
 .note.GNU-stack
                0x0000000000000000        0x0 obj/timer.o
 .note.GNU-stack
                0x0000000000000000        0x0 obj/queue.o
 .note.GNU-stack
                0x0000000000000000        0x0 obj/math.o
 .note.GNU-stack
                0x0000000000000000        0x0 obj/sem.o
 .note.GNU-stack
                0x0000000000000000        0x0 obj/mutex.o
 .note.GNU-stack
                0x0000000000000000        0x0 obj/monitor.o
 .note.GNU-stack
                0x0000000000000000        0x0 obj/pipe.o
 .note.GNU-stack
                0x0000000000000000        0x0 obj/msgqueue.o
 .note.GNU-stack
                0x0000000000000000        0x0 obj/rand.o
 .note.GNU-stack
                0x0000000000000000        0x0 obj/filo.o
 .note.GNU-stack
                0x0000000000000000        0x0 obj/sfilo.o
 .note.GNU-stack
                0x0000000000000000        0x0 obj/xfilo.o
 .note.GNU-stack
                0x0000000000000000        0x0 obj/keyboard.o
 .note.GNU-stack
                0x0000000000000000        0x0 obj/printk.o
 .note.GNU-stack
                0x0000000000000000        0x0 obj/getline.o
 .note.GNU-stack
                0x0000000000000000        0x0 obj/shell.o
 .note.GNU-stack
                0x0000000000000000        0x0 obj/split.o
 .note.GNU-stack
                0x0000000000000000        0x0 obj/setkb.o
 .note.GNU-stack
                0x0000000000000000        0x0 obj/camino.o
 .note.GNU-stack
                0x0000000000000000        0x0 obj/camino_ns.o
 .note.GNU-stack
                0x0000000000000000        0x0 obj/atoi.o
 .note.GNU-stack
                0x0000000000000000        0x0 obj/prodcons.o
 .note.GNU-stack
                0x0000000000000000        0x0 obj/afilo.o
 .note.GNU-stack
                0x0000000000000000        0x0 obj/divz.o
 .note.GNU-stack
                0x0000000000000000        0x0 obj/multiterminal.o

Configuración de la Memoria

Nombre           Origen             Longitud           Atributos
*default*        0x0000000000000000 0xffffffffffffffff

Guión del enlazador y mapa de memoria

La dirección de la sección .text-segment se estableció a 0x100000
LOAD obj/kstart.o
LOAD obj/libasm.o
LOAD obj/interrupts.o
LOAD obj/kernel.o
LOAD obj/gdt_idt.o
LOAD obj/irq.o
LOAD obj/string.o
LOAD obj/sprintf.o
LOAD obj/malloc.o
LOAD obj/cons.o
LOAD obj/io.o
LOAD obj/timer.o
LOAD obj/queue.o
LOAD obj/math.o
LOAD obj/sem.o
LOAD obj/mutex.o
LOAD obj/monitor.o
LOAD obj/pipe.o
LOAD obj/msgqueue.o
LOAD obj/rand.o
LOAD obj/filo.o
LOAD obj/sfilo.o
LOAD obj/xfilo.o
LOAD obj/keyboard.o
LOAD obj/printk.o
LOAD obj/getline.o
LOAD obj/shell.o
LOAD obj/split.o
LOAD obj/setkb.o
LOAD obj/camino.o
LOAD obj/camino_ns.o
LOAD obj/atoi.o
LOAD obj/prodcons.o
LOAD obj/afilo.o
LOAD obj/divz.o
LOAD obj/multiterminal.o
                0x0000000000100000                PROVIDE (__executable_start, 0x100000)
                0x00000000001000d4                . = (0x100000 + SIZEOF_HEADERS)

.interp
 *(.interp)

.note.gnu.build-id
                0x00000000001000d4       0x24
 *(.note.gnu.build-id)
 .note.gnu.build-id
                0x00000000001000d4       0x24 obj/kstart.o

.hash
 *(.hash)

.gnu.hash
 *(.gnu.hash)

.dynsym
 *(.dynsym)

.dynstr
 *(.dynstr)

.gnu.version
 *(.gnu.version)

.gnu.version_d
 *(.gnu.version_d)

.gnu.version_r
 *(.gnu.version_r)

.rel.dyn        0x00000000001000f8        0x0
 *(.rel.init)
 *(.rel.text .rel.text.* .rel.gnu.linkonce.t.*)
 .rel.text      0x0000000000000000        0x0 obj/kstart.o
 *(.rel.fini)
 *(.rel.rodata .rel.rodata.* .rel.gnu.linkonce.r.*)
 *(.rel.data.rel.ro .rel.data.rel.ro.* .rel.gnu.linkonce.d.rel.ro.*)
 *(.rel.data .rel.data.* .rel.gnu.linkonce.d.*)
 .rel.data      0x0000000000000000        0x0 obj/kstart.o
 *(.rel.tdata .rel.tdata.* .rel.gnu.linkonce.td.*)
 *(.rel.tbss .rel.tbss.* .rel.gnu.linkonce.tb.*)
 *(.rel.ctors)
 *(.rel.dtors)
 *(.rel.got)
 *(.rel.bss .rel.bss.* .rel.gnu.linkonce.b.*)
 *(.rel.ifunc)

.rel.plt        0x00000000001000f8        0x0
 *(.rel.plt)
                0x00000000001000f8                PROVIDE (__rel_iplt_start, .)
 *(.rel.iplt)
 .rel.iplt      0x0000000000000000        0x0 obj/kstart.o
                0x00000000001000f8                PROVIDE (__rel_iplt_end, .)

.init
 *(SORT(.init))

.plt            0x0000000000100100        0x0
 *(.plt)
 *(.iplt)
 .iplt          0x0000000000000000        0x0 obj/kstart.o

.text           0x0000000000100100     0x8d47
 *(.text.unlikely .text.*_unlikely)
 *(.text.exit .text.exit.*)
 *(.text.startup .text.startup.*)
 *(.text.hot .text.hot.*)
 *(.text .stub .text.* .gnu.linkonce.t.*)
 .text          0x0000000000100100       0x1a obj/kstart.o
                0x000000000010010c                _start
 *fill*         0x000000000010011a        0x6 
 .text          0x0000000000100120       0x80 obj/libasm.o
                0x0000000000100120                mt_load_gdt
                0x0000000000100152                mt_load_idt
                0x000000000010015a                mt_context_switch
                0x000000000010017b                mt_sti
                0x000000000010017d                mt_cli
                0x000000000010017f                mt_finit
                0x0000000000100183                mt_fsave
                0x000000000010018b                mt_frstor
                0x0000000000100193                mt_stts
                0x000000000010019d                mt_clts
 .text          0x00000000001001a0      0x380 obj/interrupts.o
                0x00000000001001a0                mt_int_stubs
 .text          0x0000000000100520      0xde8 obj/kernel.o
                0x0000000000100520                Malloc
                0x0000000000100574                StrDup
                0x00000000001005d8                Free
                0x00000000001006a9                CreateTask
                0x000000000010079c                DeleteTask
                0x0000000000100867                CurrentTask
                0x0000000000100871                Panic
                0x00000000001008ac                Pause
                0x00000000001008c1                Yield
                0x00000000001008d6                Delay
                0x0000000000100942                Exit
                0x0000000000100957                Suspend
                0x000000000010098b                Ready
                0x00000000001009b5                GetPriority
                0x00000000001009c0                SetPriority
                0x0000000000100a21                SetData
                0x0000000000100a3c                SetSwitcher
                0x0000000000100a56                CreateQueue
                0x0000000000100a80                DeleteQueue
                0x0000000000100ab3                WaitQueue
                0x0000000000100ace                WaitQueueTimed
                0x0000000000100b4c                SignalQueue
                0x0000000000100b94                FlushQueue
                0x0000000000100be2                Send
                0x0000000000100c0b                SendCond
                0x0000000000100c34                SendTimed
                0x0000000000100d7e                Receive
                0x0000000000100da7                ReceiveCond
                0x0000000000100dd0                ReceiveTimed
                0x0000000000100f98                mt_select_task
                0x000000000010114e                Atomic
                0x0000000000101161                Unatomic
                0x0000000000101199                DisableInts
                0x00000000001011bd                RestoreInts
                0x00000000001011f0                mt_main
 .text          0x0000000000101308      0x10b obj/gdt_idt.o
                0x0000000000101401                mt_setup_gdt_idt
 *fill*         0x0000000000101413        0x1 
 .text          0x0000000000101414      0x38a obj/irq.o
                0x00000000001015b6                mt_int_handler
                0x0000000000101607                mt_setup_interrupts
                0x0000000000101656                mt_set_int_handler
                0x0000000000101675                mt_set_exception_handler
                0x0000000000101694                mt_disable_irq
                0x0000000000101717                mt_enable_irq
 *fill*         0x000000000010179e        0x2 
 .text          0x00000000001017a0      0x3d8 obj/string.o
                0x00000000001017a0                strcpy
                0x00000000001017d7                strncpy
                0x000000000010181b                strcat
                0x000000000010186a                strncat
                0x00000000001018c2                strcmp
                0x00000000001018ff                strncmp
                0x000000000010194b                strchr
                0x0000000000101988                strrchr
                0x00000000001019c7                strlen
                0x00000000001019fb                strnlen
                0x0000000000101a35                memcpy
                0x0000000000101a84                memmove
                0x0000000000101b05                memchr
                0x0000000000101b47                memset
 .text          0x0000000000101b78     0x1557 obj/sprintf.o
                0x0000000000101e61                ecvtbuf
                0x0000000000101ea4                fcvtbuf
                0x0000000000102b89                vsprintf
                0x00000000001030a2                sprintf
 *fill*         0x00000000001030cf        0x1 
 .text          0x00000000001030d0      0x204 obj/malloc.o
                0x00000000001030d0                free
                0x00000000001031f4                malloc
 .text          0x00000000001032d4      0x564 obj/cons.o
                0x0000000000103442                mt_cons_clear
                0x000000000010348d                mt_cons_clreol
                0x00000000001034fb                mt_cons_clreom
                0x000000000010355a                mt_cons_nrows
                0x0000000000103564                mt_cons_ncols
                0x000000000010356e                mt_cons_nscrolls
                0x000000000010357b                mt_cons_getxy
                0x00000000001035a3                mt_cons_gotoxy
                0x00000000001035d2                mt_cons_setattr
                0x00000000001035e6                mt_cons_getattr
                0x0000000000103616                mt_cons_cursor
                0x00000000001036b1                mt_cons_putc
                0x000000000010372b                mt_cons_puts
                0x0000000000103754                mt_cons_cr
                0x000000000010376d                mt_cons_nl
                0x0000000000103794                mt_cons_tab
                0x00000000001037d3                mt_cons_bs
                0x0000000000103814                mt_cons_raw
 *fill*         0x0000000000103838        0x8 
 .text          0x0000000000103840       0x18 obj/io.o
                0x0000000000103840                inb
                0x000000000010384b                outb
 .text          0x0000000000103858       0x69 obj/timer.o
                0x0000000000103858                mt_setup_timer
 *fill*         0x00000000001038c1        0x3 
 .text          0x00000000001038c4      0x3f9 obj/queue.o
                0x00000000001038c4                mt_enqueue
                0x00000000001039aa                mt_dequeue
                0x0000000000103a32                mt_peeklast
                0x0000000000103a3d                mt_getlast
                0x0000000000103aad                mt_enqueue_time
                0x0000000000103bab                mt_dequeue_time
                0x0000000000103c47                mt_peekfirst_time
                0x0000000000103c51                mt_getfirst_time
 *fill*         0x0000000000103cbd        0x3 
 .text          0x0000000000103cc0       0x95 obj/math.o
                0x0000000000103d39                mt_setup_math
 *fill*         0x0000000000103d55        0x3 
 .text          0x0000000000103d58      0x147 obj/sem.o
                0x0000000000103d58                CreateSem
                0x0000000000103d8b                DeleteSem
                0x0000000000103dac                WaitSem
                0x0000000000103dc7                WaitSemCond
                0x0000000000103de2                WaitSemTimed
                0x0000000000103e34                SignalSem
                0x0000000000103e65                ValueSem
                0x0000000000103e6f                FlushSem
 *fill*         0x0000000000103e9f        0x1 
 .text          0x0000000000103ea0      0x140 obj/mutex.o
                0x0000000000103ea0                CreateMutex
                0x0000000000103ed3                DeleteMutex
                0x0000000000103ef4                EnterMutex
                0x0000000000103f0f                EnterMutexCond
                0x0000000000103f2a                EnterMutexTimed
                0x0000000000103f8f                LeaveMutex
 .text          0x0000000000103fe0      0x25a obj/monitor.o
                0x0000000000103fe0                CreateMonitor
                0x0000000000104013                DeleteMonitor
                0x0000000000104034                EnterMonitor
                0x000000000010404f                EnterMonitorCond
                0x000000000010406a                EnterMonitorTimed
                0x00000000001040bc                LeaveMonitor
                0x00000000001040f5                CreateCondition
                0x0000000000104128                DeleteCondition
                0x0000000000104149                WaitCondition
                0x0000000000104164                WaitConditionTimed
                0x00000000001041ce                SignalCondition
                0x0000000000104200                BroadcastCondition
 *fill*         0x000000000010423a        0x2 
 .text          0x000000000010423c      0x3ee obj/pipe.o
                0x000000000010423c                CreatePipe
                0x0000000000104323                DeletePipe
                0x000000000010436d                GetPipe
                0x0000000000104396                GetPipeCond
                0x00000000001043bf                GetPipeTimed
                0x00000000001044c2                PutPipe
                0x00000000001044eb                PutPipeCond
                0x0000000000104514                PutPipeTimed
                0x000000000010461f                AvailPipe
 *fill*         0x000000000010462a        0x2 
 .text          0x000000000010462c      0x415 obj/msgqueue.o
                0x0000000000104740                CreateMsgQueue
                0x000000000010486a                DeleteMsgQueue
                0x00000000001048d5                GetMsgQueue
                0x00000000001048f7                GetMsgQueueCond
                0x0000000000104919                GetMsgQueueTimed
                0x000000000010497e                PutMsgQueue
                0x00000000001049a0                PutMsgQueueCond
                0x00000000001049c2                PutMsgQueueTimed
                0x0000000000104a2b                AvailMsgQueue
 *fill*         0x0000000000104a41        0x3 
 .text          0x0000000000104a44       0xb0 obj/rand.o
                0x0000000000104ad3                rand
                0x0000000000104ae7                srand
 .text          0x0000000000104af4      0x5bf obj/filo.o
                0x0000000000104ef5                phil_main
 *fill*         0x00000000001050b3        0x1 
 .text          0x00000000001050b4      0x547 obj/sfilo.o
                0x0000000000105447                simple_phil_main
 *fill*         0x00000000001055fb        0x1 
 .text          0x00000000001055fc      0x61b obj/xfilo.o
                0x0000000000105a4b                extra_phil_main
 *fill*         0x0000000000105c17        0x1 
 .text          0x0000000000105c18      0x508 obj/keyboard.o
                0x0000000000105fcb                mt_kbd_getch_timed
                0x0000000000105fee                mt_kbd_getch
                0x000000000010600a                mt_kbd_init
                0x00000000001060ab                mt_kbd_getlayout
                0x00000000001060b5                mt_kbd_setlayout
                0x0000000000106116                mt_kbd_layouts
 .text          0x0000000000106120       0xfd obj/printk.o
                0x0000000000106120                vprintk
                0x0000000000106197                printk
                0x00000000001061bd                cprintk
 *fill*         0x000000000010621d        0x3 
 .text          0x0000000000106220      0x135 obj/getline.o
                0x0000000000106220                mt_getline
 *fill*         0x0000000000106355        0x3 
 .text          0x0000000000106358      0x27c obj/shell.o
                0x0000000000106358                shell_main
 .text          0x00000000001065d4      0x34f obj/split.o
                0x0000000000106629                setfs
                0x0000000000106651                split
                0x00000000001067ff                separate
 *fill*         0x0000000000106923        0x1 
 .text          0x0000000000106924       0xee obj/setkb.o
                0x0000000000106924                setkb_main
 *fill*         0x0000000000106a12        0x2 
 .text          0x0000000000106a14      0x928 obj/camino.o
                0x000000000010719c                camino_main
 .text          0x000000000010733c      0xade obj/camino_ns.o
                0x0000000000107c9e                camino_ns_main
 *fill*         0x0000000000107e1a        0x2 
 .text          0x0000000000107e1c       0xa6 obj/atoi.o
                0x0000000000107e1c                atoi
 *fill*         0x0000000000107ec2        0x2 
 .text          0x0000000000107ec4      0x4d5 obj/prodcons.o
                0x0000000000108151                prodcons_main
 *fill*         0x0000000000108399        0x3 
 .text          0x000000000010839c      0x5ab obj/afilo.o
                0x00000000001087be                atomic_phil_main
 *fill*         0x0000000000108947        0x1 
 .text          0x0000000000108948       0xf5 obj/divz.o
                0x0000000000108986                divz_main
 *fill*         0x0000000000108a3d        0x3 
 .text          0x0000000000108a40      0x407 obj/multiterminal.o
                0x0000000000108a40                mt_mtty_init
                0x0000000000108b10                getVidmem
                0x0000000000108b2d                setCur_x
                0x0000000000108b4e                getCur_x
                0x0000000000108b6b                decCur_x
                0x0000000000108b9d                setCur_y
                0x0000000000108bbe                getCur_y
                0x0000000000108bdb                incCur_y
                0x0000000000108c0d                decCur_y
                0x0000000000108c3f                getCursor_On
                0x0000000000108c5c                setCursor_On
                0x0000000000108c7d                setCur_attr
                0x0000000000108ca7                getCur_attr
                0x0000000000108cc4                getScrolls
                0x0000000000108ce1                incScrolls
                0x0000000000108d13                getRaw
                0x0000000000108d30                setRaw
                0x0000000000108d51                putty
                0x0000000000108db3                putIntottyKbd
                0x0000000000108de2                getFromttyKbd
                0x0000000000108e11                getFromttyKbdTimed
 *(.gnu.warning)

.fini
 *(SORT(.fini))
                0x0000000000108e47                PROVIDE (__etext, .)
                0x0000000000108e47                PROVIDE (_etext, .)
                0x0000000000108e47                PROVIDE (etext, .)

.rodata         0x0000000000108e48      0x96d
 *(.rodata .rodata.* .gnu.linkonce.r.*)
 .rodata        0x0000000000108e48       0xd8 obj/kernel.o
 .rodata        0x0000000000108f20       0x55 obj/irq.o
 *fill*         0x0000000000108f75        0x3 
 .rodata        0x0000000000108f78      0x188 obj/sprintf.o
 .rodata        0x0000000000109100       0x29 obj/mutex.o
 *fill*         0x0000000000109129        0x3 
 .rodata        0x000000000010912c       0xff obj/monitor.o
 .rodata        0x000000000010922b        0xe obj/pipe.o
 *fill*         0x0000000000109239        0x3 
 .rodata        0x000000000010923c       0x2f obj/msgqueue.o
 *fill*         0x000000000010926b        0x1 
 .rodata        0x000000000010926c       0x4e obj/filo.o
 *fill*         0x00000000001092ba        0x2 
 .rodata        0x00000000001092bc       0x4e obj/sfilo.o
 *fill*         0x000000000010930a        0x2 
 .rodata        0x000000000010930c       0x4e obj/xfilo.o
 .rodata        0x000000000010935a       0x24 obj/keyboard.o
 .rodata        0x000000000010937e        0xf obj/getline.o
 .rodata        0x000000000010938d       0xbb obj/shell.o
 .rodata        0x0000000000109448        0x1 obj/split.o
 *fill*         0x0000000000109449        0x3 
 .rodata        0x000000000010944c       0x62 obj/setkb.o
 *fill*         0x00000000001094ae        0x2 
 .rodata        0x00000000001094b0       0x88 obj/camino.o
 .rodata        0x0000000000109538       0xa0 obj/camino_ns.o
 .rodata        0x00000000001095d8      0x116 obj/prodcons.o
 *fill*         0x00000000001096ee        0x2 
 .rodata        0x00000000001096f0       0x4e obj/afilo.o
 *fill*         0x000000000010973e        0x2 
 .rodata        0x0000000000109740       0x6b obj/divz.o
 .rodata        0x00000000001097ab        0xa obj/multiterminal.o

.rodata1
 *(.rodata1)

.eh_frame_hdr   0x00000000001097b8      0x984
 *(.eh_frame_hdr)
 .eh_frame_hdr  0x00000000001097b8      0x984 obj/kernel.o

.eh_frame       0x000000000010a13c     0x26b0
 *(.eh_frame)
 .eh_frame      0x000000000010a13c      0x58c obj/kernel.o
 .eh_frame      0x000000000010a6c8       0x60 obj/gdt_idt.o
                                         0x78 (tamaño antes de la relajación)
 .eh_frame      0x000000000010a728      0x148 obj/irq.o
                                        0x160 (tamaño antes de la relajación)
 .eh_frame      0x000000000010a870      0x264 obj/string.o
                                        0x27c (tamaño antes de la relajación)
 .eh_frame      0x000000000010aad4      0x1d8 obj/sprintf.o
                                        0x1f0 (tamaño antes de la relajación)
 .eh_frame      0x000000000010acac       0x60 obj/malloc.o
                                         0x78 (tamaño antes de la relajación)
 .eh_frame      0x000000000010ad0c      0x2a0 obj/cons.o
                                        0x2b8 (tamaño antes de la relajación)
 .eh_frame      0x000000000010afac       0x20 obj/timer.o
                                         0x38 (tamaño antes de la relajación)
 .eh_frame      0x000000000010afcc      0x100 obj/queue.o
                                        0x118 (tamaño antes de la relajación)
 .eh_frame      0x000000000010b0cc       0x44 obj/math.o
                                         0x5c (tamaño antes de la relajación)
 .eh_frame      0x000000000010b110      0x100 obj/sem.o
                                        0x118 (tamaño antes de la relajación)
 .eh_frame      0x000000000010b210       0xc0 obj/mutex.o
                                         0xd8 (tamaño antes de la relajación)
 .eh_frame      0x000000000010b2d0      0x180 obj/monitor.o
                                        0x198 (tamaño antes de la relajación)
 .eh_frame      0x000000000010b450      0x120 obj/pipe.o
                                        0x138 (tamaño antes de la relajación)
 .eh_frame      0x000000000010b570      0x160 obj/msgqueue.o
                                        0x178 (tamaño antes de la relajación)
 .eh_frame      0x000000000010b6d0       0x60 obj/rand.o
                                         0x78 (tamaño antes de la relajación)
 .eh_frame      0x000000000010b730      0x184 obj/filo.o
                                        0x19c (tamaño antes de la relajación)
 .eh_frame      0x000000000010b8b4      0x164 obj/sfilo.o
                                        0x17c (tamaño antes de la relajación)
 .eh_frame      0x000000000010ba18      0x184 obj/xfilo.o
                                        0x19c (tamaño antes de la relajación)
 .eh_frame      0x000000000010bb9c      0x15c obj/keyboard.o
                                        0x174 (tamaño antes de la relajación)
 .eh_frame      0x000000000010bcf8       0x60 obj/printk.o
                                         0x78 (tamaño antes de la relajación)
 .eh_frame      0x000000000010bd58       0x20 obj/getline.o
                                         0x38 (tamaño antes de la relajación)
 .eh_frame      0x000000000010bd78       0x20 obj/shell.o
                                         0x38 (tamaño antes de la relajación)
 .eh_frame      0x000000000010bd98       0xc0 obj/split.o
                                         0xd8 (tamaño antes de la relajación)
 .eh_frame      0x000000000010be58       0x20 obj/setkb.o
                                         0x38 (tamaño antes de la relajación)
 .eh_frame      0x000000000010be78      0x1fc obj/camino.o
                                        0x214 (tamaño antes de la relajación)
 .eh_frame      0x000000000010c074      0x1bc obj/camino_ns.o
                                        0x1d4 (tamaño antes de la relajación)
 .eh_frame      0x000000000010c230       0x24 obj/atoi.o
                                         0x3c (tamaño antes de la relajación)
 .eh_frame      0x000000000010c254      0x114 obj/prodcons.o
                                        0x12c (tamaño antes de la relajación)
 .eh_frame      0x000000000010c368      0x184 obj/afilo.o
                                        0x19c (tamaño antes de la relajación)
 .eh_frame      0x000000000010c4ec       0x60 obj/divz.o
                                         0x78 (tamaño antes de la relajación)
 .eh_frame      0x000000000010c54c      0x2a0 obj/multiterminal.o
                                        0x2b8 (tamaño antes de la relajación)

.gcc_except_table
 *(.gcc_except_table .gcc_except_table.*)

.exception_ranges
 *(.exception_ranges .exception_ranges*)
                0x000000000010c7ec                . = (ALIGN (0x1000) - ((0x1000 - .) & 0xfff))
                0x000000000010e000                . = DATA_SEGMENT_ALIGN (0x1000, 0x1000)

.eh_frame
 *(.eh_frame)

.gcc_except_table
 *(.gcc_except_table .gcc_except_table.*)

.exception_ranges
 *(.exception_ranges .exception_ranges*)

.tdata
 *(.tdata .tdata.* .gnu.linkonce.td.*)

.tbss
 *(.tbss .tbss.* .gnu.linkonce.tb.*)
 *(.tcommon)

.preinit_array  0x000000000010e000        0x0
                0x000000000010e000                PROVIDE (__preinit_array_start, .)
 *(.preinit_array)
                0x000000000010e000                PROVIDE (__preinit_array_end, .)

.init_array     0x000000000010e000        0x0
                0x000000000010e000                PROVIDE (__init_array_start, .)
 *(SORT(.init_array.*) SORT(.ctors.*))
 *(.init_array)
 *(EXCLUDE_FILE(*crtend?.o *crtend.o *crtbegin?.o *crtbegin.o) .ctors)
                0x000000000010e000                PROVIDE (__init_array_end, .)

.fini_array     0x000000000010e000        0x0
                0x000000000010e000                PROVIDE (__fini_array_start, .)
 *(SORT(.fini_array.*) SORT(.dtors.*))
 *(.fini_array)
 *(EXCLUDE_FILE(*crtend?.o *crtend.o *crtbegin?.o *crtbegin.o) .dtors)
                0x000000000010e000                PROVIDE (__fini_array_end, .)

.ctors
 *crtbegin.o(.ctors)
 *crtbegin?.o(.ctors)
 *(EXCLUDE_FILE(*crtend?.o *crtend.o) .ctors)
 *(SORT(.ctors.*))
 *(.ctors)

.dtors
 *crtbegin.o(.dtors)
 *crtbegin?.o(.dtors)
 *(EXCLUDE_FILE(*crtend?.o *crtend.o) .dtors)
 *(SORT(.dtors.*))
 *(.dtors)

.jcr
 *(.jcr)

.data.rel.ro
 *(.data.rel.ro.local* .gnu.linkonce.d.rel.ro.local.*)
 *(.data.rel.ro .data.rel.ro.* .gnu.linkonce.d.rel.ro.*)

.dynamic
 *(.dynamic)

.got
 *(.got)
 *(.igot)
                0x000000000010e000                . = DATA_SEGMENT_RELRO_END (., (SIZEOF (.got.plt) >= 0xc)?0xc:0x0)

.got.plt        0x000000000010e000        0x0
 *(.got.plt)
 *(.igot.plt)
 .igot.plt      0x0000000000000000        0x0 obj/kstart.o

.data           0x000000000010e000      0xe90
 *(.data .data.* .gnu.linkonce.d.*)
 .data          0x000000000010e000        0x0 obj/kernel.o
 .data          0x000000000010e000       0x18 obj/gdt_idt.o
 .data          0x000000000010e018        0x0 obj/irq.o
 .data          0x000000000010e018        0x0 obj/string.o
 .data          0x000000000010e018        0x8 obj/sprintf.o
 .data          0x000000000010e020        0x0 obj/malloc.o
 .data          0x000000000010e020        0x0 obj/cons.o
 .data          0x000000000010e020        0x0 obj/timer.o
 .data          0x000000000010e020        0x0 obj/queue.o
 .data          0x000000000010e020        0x0 obj/math.o
 .data          0x000000000010e020        0x0 obj/sem.o
 .data          0x000000000010e020        0x0 obj/mutex.o
 .data          0x000000000010e020        0x0 obj/monitor.o
 .data          0x000000000010e020        0x0 obj/pipe.o
 .data          0x000000000010e020        0x0 obj/msgqueue.o
 .data          0x000000000010e020        0x4 obj/rand.o
 *fill*         0x000000000010e024       0x1c 
 .data          0x000000000010e040       0x50 obj/filo.o
 *fill*         0x000000000010e090       0x10 
 .data          0x000000000010e0a0       0x50 obj/sfilo.o
 *fill*         0x000000000010e0f0       0x10 
 .data          0x000000000010e100       0x50 obj/xfilo.o
 *fill*         0x000000000010e150       0x10 
 .data          0x000000000010e160      0xc20 obj/keyboard.o
                0x000000000010e160                keymap_us_std
                0x000000000010e760                keymap_spanish
 .data          0x000000000010ed80        0x0 obj/printk.o
 .data          0x000000000010ed80        0x0 obj/getline.o
 .data          0x000000000010ed80       0x58 obj/shell.o
 .data          0x000000000010edd8        0xc obj/split.o
 .data          0x000000000010ede4        0x0 obj/setkb.o
 .data          0x000000000010ede4        0x4 obj/camino.o
 .data          0x000000000010ede8        0x4 obj/camino_ns.o
 .data          0x000000000010edec        0x0 obj/atoi.o
 *fill*         0x000000000010edec       0x14 
 .data          0x000000000010ee00       0x40 obj/prodcons.o
 .data          0x000000000010ee40       0x50 obj/afilo.o
 .data          0x000000000010ee90        0x0 obj/divz.o
 .data          0x000000000010ee90        0x0 obj/multiterminal.o

.data1
 *(.data1)
                0x000000000010ee90                _edata = .
                0x000000000010ee90                PROVIDE (edata, .)
                0x000000000010ee90                . = .
                0x000000000010ee90                __bss_start = .

.bss            0x000000000010eea0   0x8087b4
 *(.dynbss)
 *(.bss .bss.* .gnu.linkonce.b.*)
 .bss           0x000000000010eea0     0x4000 obj/kstart.o
 .bss           0x0000000000112ea0        0x6 obj/libasm.o
 *fill*         0x0000000000112ea6        0x2 
 .bss           0x0000000000112ea8     0x4014 obj/interrupts.o
 *fill*         0x0000000000116ebc        0x4 
 .bss           0x0000000000116ec0       0x7c obj/kernel.o
 *fill*         0x0000000000116f3c        0x4 
 .bss           0x0000000000116f40      0x180 obj/gdt_idt.o
 .bss           0x00000000001170c0       0xc0 obj/irq.o
 .bss           0x0000000000117180        0x0 obj/string.o
 .bss           0x0000000000117180        0x0 obj/sprintf.o
 .bss           0x0000000000117180   0x800010 obj/malloc.o
 *fill*         0x0000000000917190       0x10 
 .bss           0x00000000009171a0       0x94 obj/cons.o
 .bss           0x0000000000917234        0x0 obj/timer.o
 .bss           0x0000000000917234        0xc obj/queue.o
 .bss           0x0000000000917240        0x0 obj/math.o
 .bss           0x0000000000917240        0x0 obj/sem.o
 .bss           0x0000000000917240        0x0 obj/mutex.o
 .bss           0x0000000000917240        0x0 obj/monitor.o
 .bss           0x0000000000917240        0x0 obj/pipe.o
 .bss           0x0000000000917240        0x0 obj/msgqueue.o
 .bss           0x0000000000917240        0x0 obj/rand.o
 .bss           0x0000000000917240       0x2c obj/filo.o
 .bss           0x000000000091726c       0x1c obj/sfilo.o
 .bss           0x0000000000917288       0x40 obj/xfilo.o
 *fill*         0x00000000009172c8       0x18 
 .bss           0x00000000009172e0       0xd8 obj/keyboard.o
 .bss           0x00000000009173b8        0x0 obj/printk.o
 .bss           0x00000000009173b8        0x0 obj/getline.o
 .bss           0x00000000009173b8        0x0 obj/shell.o
 .bss           0x00000000009173b8        0x0 obj/split.o
 .bss           0x00000000009173b8        0x0 obj/setkb.o
 *fill*         0x00000000009173b8        0x8 
 .bss           0x00000000009173c0       0x8c obj/camino.o
 *fill*         0x000000000091744c       0x14 
 .bss           0x0000000000917460       0x88 obj/camino_ns.o
 .bss           0x00000000009174e8        0x0 obj/atoi.o
 *fill*         0x00000000009174e8       0x18 
 .bss           0x0000000000917500       0x64 obj/prodcons.o
 .bss           0x0000000000917564       0x3c obj/afilo.o
 .bss           0x00000000009175a0        0x0 obj/divz.o
 .bss           0x00000000009175a0       0x94 obj/multiterminal.o
 *(COMMON)
 *fill*         0x0000000000917634        0x4 
 COMMON         0x0000000000917638       0x18 obj/kernel.o
                0x0000000000917638                mt_last_task
                0x000000000091763c                mt_fpu_task
                0x0000000000917640                mt_curr_task
                0x0000000000917648                mt_ticks
 COMMON         0x0000000000917650        0x4 obj/irq.o
                0x0000000000917650                mt_int_level
                0x0000000000917654                . = ALIGN ((. != 0x0)?0x4:0x1)
                0x0000000000917654                . = ALIGN (0x4)
                0x0000000000917654                . = ALIGN (0x4)
                0x0000000000917654                _end = .
                0x0000000000917654                PROVIDE (end, .)
                0x0000000000917654                . = DATA_SEGMENT_END (.)

.stab
 *(.stab)

.stabstr
 *(.stabstr)

.stab.excl
 *(.stab.excl)

.stab.exclstr
 *(.stab.exclstr)

.stab.index
 *(.stab.index)

.stab.indexstr
 *(.stab.indexstr)

.comment        0x0000000000000000       0x2a
 *(.comment)
 .comment       0x0000000000000000       0x2a obj/kernel.o
                                         0x2b (tamaño antes de la relajación)
 .comment       0x0000000000000000       0x2b obj/gdt_idt.o
 .comment       0x0000000000000000       0x2b obj/irq.o
 .comment       0x0000000000000000       0x2b obj/string.o
 .comment       0x0000000000000000       0x2b obj/sprintf.o
 .comment       0x0000000000000000       0x2b obj/malloc.o
 .comment       0x0000000000000000       0x2b obj/cons.o
 .comment       0x0000000000000000       0x2b obj/timer.o
 .comment       0x0000000000000000       0x2b obj/queue.o
 .comment       0x0000000000000000       0x2b obj/math.o
 .comment       0x0000000000000000       0x2b obj/sem.o
 .comment       0x0000000000000000       0x2b obj/mutex.o
 .comment       0x0000000000000000       0x2b obj/monitor.o
 .comment       0x0000000000000000       0x2b obj/pipe.o
 .comment       0x0000000000000000       0x2b obj/msgqueue.o
 .comment       0x0000000000000000       0x2b obj/rand.o
 .comment       0x0000000000000000       0x2b obj/filo.o
 .comment       0x0000000000000000       0x2b obj/sfilo.o
 .comment       0x0000000000000000       0x2b obj/xfilo.o
 .comment       0x0000000000000000       0x2b obj/keyboard.o
 .comment       0x0000000000000000       0x2b obj/printk.o
 .comment       0x0000000000000000       0x2b obj/getline.o
 .comment       0x0000000000000000       0x2b obj/shell.o
 .comment       0x0000000000000000       0x2b obj/split.o
 .comment       0x0000000000000000       0x2b obj/setkb.o
 .comment       0x0000000000000000       0x2b obj/camino.o
 .comment       0x0000000000000000       0x2b obj/camino_ns.o
 .comment       0x0000000000000000       0x2b obj/atoi.o
 .comment       0x0000000000000000       0x2b obj/prodcons.o
 .comment       0x0000000000000000       0x2b obj/afilo.o
 .comment       0x0000000000000000       0x2b obj/divz.o
 .comment       0x0000000000000000       0x2b obj/multiterminal.o

.debug
 *(.debug)

.line
 *(.line)

.debug_srcinfo
 *(.debug_srcinfo)

.debug_sfnames
 *(.debug_sfnames)

.debug_aranges
 *(.debug_aranges)

.debug_pubnames
 *(.debug_pubnames)

.debug_info
 *(.debug_info .gnu.linkonce.wi.*)

.debug_abbrev
 *(.debug_abbrev)

.debug_line
 *(.debug_line)

.debug_frame
 *(.debug_frame)

.debug_str
 *(.debug_str)

.debug_loc
 *(.debug_loc)

.debug_macinfo
 *(.debug_macinfo)

.debug_weaknames
 *(.debug_weaknames)

.debug_funcnames
 *(.debug_funcnames)

.debug_typenames
 *(.debug_typenames)

.debug_varnames
 *(.debug_varnames)

.debug_pubtypes
 *(.debug_pubtypes)

.debug_ranges
 *(.debug_ranges)

.debug_macro
 *(.debug_macro)

.gnu.attributes
 *(.gnu.attributes)

/DISCARD/
 *(.note.GNU-stack)
 *(.gnu_debuglink)
 *(.gnu.lto_*)
OUTPUT(mtask elf32-i386)
